Release 14.7 - xst P.20131013 (nt)
Copyright (c) 1995-2013 Xilinx, Inc.  All rights reserved.
--> Parameter TMPDIR set to xst/projnav.tmp


Total REAL time to Xst completion: 0.00 secs
Total CPU time to Xst completion: 0.13 secs
 
--> Parameter xsthdpdir set to xst


Total REAL time to Xst completion: 0.00 secs
Total CPU time to Xst completion: 0.13 secs
 
--> Reading design: P4Adder.prj

TABLE OF CONTENTS
  1) Synthesis Options Summary
  2) HDL Parsing
  3) HDL Elaboration
  4) HDL Synthesis
       4.1) HDL Synthesis Report
  5) Advanced HDL Synthesis
       5.1) Advanced HDL Synthesis Report
  6) Low Level Synthesis
  7) Partition Report
  8) Design Summary
       8.1) Primitive and Black Box Usage
       8.2) Device utilization summary
       8.3) Partition Resource Summary
       8.4) Timing Report
            8.4.1) Clock Information
            8.4.2) Asynchronous Control Signals Information
            8.4.3) Timing Summary
            8.4.4) Timing Details
            8.4.5) Cross Clock Domains Report


=========================================================================
*                      Synthesis Options Summary                        *
=========================================================================
---- Source Parameters
Input File Name                    : "P4Adder.prj"
Ignore Synthesis Constraint File   : NO

---- Target Parameters
Output File Name                   : "P4Adder"
Output Format                      : NGC
Target Device                      : xc7a100t-3-csg324

---- Source Options
Top Module Name                    : P4Adder
Automatic FSM Extraction           : YES
FSM Encoding Algorithm             : Auto
Safe Implementation                : No
FSM Style                          : LUT
RAM Extraction                     : Yes
RAM Style                          : Auto
ROM Extraction                     : Yes
Shift Register Extraction          : YES
ROM Style                          : Auto
Resource Sharing                   : YES
Asynchronous To Synchronous        : NO
Shift Register Minimum Size        : 2
Use DSP Block                      : Auto
Automatic Register Balancing       : No

---- Target Options
LUT Combining                      : Auto
Reduce Control Sets                : Auto
Add IO Buffers                     : YES
Global Maximum Fanout              : 100000
Add Generic Clock Buffer(BUFG)     : 32
Register Duplication               : YES
Optimize Instantiated Primitives   : NO
Use Clock Enable                   : Auto
Use Synchronous Set                : Auto
Use Synchronous Reset              : Auto
Pack IO Registers into IOBs        : Auto
Equivalent register Removal        : YES

---- General Options
Optimization Goal                  : Speed
Optimization Effort                : 1
Power Reduction                    : NO
Keep Hierarchy                     : No
Netlist Hierarchy                  : As_Optimized
RTL Output                         : Yes
Global Optimization                : AllClockNets
Read Cores                         : YES
Write Timing Constraints           : NO
Cross Clock Analysis               : NO
Hierarchy Separator                : /
Bus Delimiter                      : <>
Case Specifier                     : Maintain
Slice Utilization Ratio            : 100
BRAM Utilization Ratio             : 100
DSP48 Utilization Ratio            : 100
Auto BRAM Packing                  : NO
Slice Utilization Ratio Delta      : 5

=========================================================================


=========================================================================
*                          HDL Parsing                                  *
=========================================================================
Parsing VHDL file "C:\Users\UTENTE\Desktop\Politecnico di Torino\Laurea Magistrale\I Anno\Microelectronic Systems\DLX\MyDLX\Adders\P4Adder\mux21.vhd" into library work
Parsing entity <MUX21>.
Parsing architecture <BEHAVIORAL> of entity <mux21>.
Parsing configuration <CFG_MUX21_BEHAVIORAL>.
Parsing VHDL file "C:\Users\UTENTE\Desktop\Politecnico di Torino\Laurea Magistrale\I Anno\Microelectronic Systems\DLX\MyDLX\Adders\P4Adder\fa.vhd" into library work
Parsing entity <FA>.
Parsing architecture <BEHAVIORAL> of entity <fa>.
Parsing configuration <CFG_FA_BEHAVIORAL>.
Parsing VHDL file "C:\Users\UTENTE\Desktop\Politecnico di Torino\Laurea Magistrale\I Anno\Microelectronic Systems\DLX\MyDLX\Adders\P4Adder\rca.vhd" into library work
Parsing entity <RCA>.
Parsing architecture <STRUCTURAL> of entity <rca>.
Parsing configuration <CFG_RCA_STRUCTURAL>.
Parsing VHDL file "C:\Users\UTENTE\Desktop\Politecnico di Torino\Laurea Magistrale\I Anno\Microelectronic Systems\DLX\MyDLX\Adders\P4Adder\PG_cell.vhd" into library work
Parsing entity <PG_cell>.
Parsing architecture <Behavioral> of entity <pg_cell>.
Parsing VHDL file "C:\Users\UTENTE\Desktop\Politecnico di Torino\Laurea Magistrale\I Anno\Microelectronic Systems\DLX\MyDLX\Adders\P4Adder\mux_generic.vhd" into library work
Parsing entity <MUX21_GENERIC>.
Parsing architecture <STRUCTURAL> of entity <mux21_generic>.
Parsing configuration <CFG_MUX21_GEN_STRUCTURAL>.
Parsing VHDL file "C:\Users\UTENTE\Desktop\Politecnico di Torino\Laurea Magistrale\I Anno\Microelectronic Systems\DLX\MyDLX\Adders\P4Adder\GeneralGenerate.vhd" into library work
Parsing entity <GeneralGenerate>.
Parsing architecture <Behavioral> of entity <generalgenerate>.
Parsing VHDL file "C:\Users\UTENTE\Desktop\Politecnico di Torino\Laurea Magistrale\I Anno\Microelectronic Systems\DLX\MyDLX\Adders\P4Adder\PG_network.vhd" into library work
Parsing entity <PG_network>.
Parsing architecture <Behavioral> of entity <pg_network>.
Parsing VHDL file "C:\Users\UTENTE\Desktop\Politecnico di Torino\Laurea Magistrale\I Anno\Microelectronic Systems\DLX\MyDLX\Adders\P4Adder\GeneralPropagate.vhd" into library work
Parsing entity <GeneralPropagate>.
Parsing architecture <Behavioral> of entity <generalpropagate>.
Parsing VHDL file "C:\Users\UTENTE\Desktop\Politecnico di Torino\Laurea Magistrale\I Anno\Microelectronic Systems\DLX\MyDLX\Adders\P4Adder\constants.vhd" into library work
Parsing package <CONSTANTS>.
Parsing package body <CONSTANTS>.
Parsing VHDL file "C:\Users\UTENTE\Desktop\Politecnico di Torino\Laurea Magistrale\I Anno\Microelectronic Systems\DLX\MyDLX\Adders\P4Adder\CarrySelectBlock.vhd" into library work
Parsing entity <CarrySelectBlock>.
Parsing architecture <Structural> of entity <carryselectblock>.
Parsing VHDL file "C:\Users\UTENTE\Desktop\Politecnico di Torino\Laurea Magistrale\I Anno\Microelectronic Systems\DLX\MyDLX\Adders\P4Adder\CarrySelect.vhd" into library work
Parsing entity <CarrySelect>.
Parsing architecture <Structural> of entity <carryselect>.
Parsing VHDL file "C:\Users\UTENTE\Desktop\Politecnico di Torino\Laurea Magistrale\I Anno\Microelectronic Systems\DLX\MyDLX\Adders\P4Adder\CarryGenerator.vhd" into library work
Parsing entity <CarryGenerator>.
Parsing architecture <Behavioral> of entity <carrygenerator>.
Parsing VHDL file "C:\Users\UTENTE\Desktop\Politecnico di Torino\Laurea Magistrale\I Anno\Microelectronic Systems\DLX\MyDLX\Adders\P4Adder\P4Adder.vhd" into library work
Parsing entity <P4Adder>.
Parsing architecture <Behavioral> of entity <p4adder>.

=========================================================================
*                            HDL Elaboration                            *
=========================================================================

Elaborating entity <P4Adder> (architecture <Behavioral>) with generics from library <work>.

Elaborating entity <CarryGenerator> (architecture <Behavioral>) with generics from library <work>.

Elaborating entity <PG_network> (architecture <Behavioral>) with generics from library <work>.

Elaborating entity <GeneralGenerate> (architecture <Behavioral>) from library <work>.

Elaborating entity <PG_cell> (architecture <Behavioral>) from library <work>.

Elaborating entity <GeneralPropagate> (architecture <Behavioral>) from library <work>.

Elaborating entity <CarrySelect> (architecture <Structural>) with generics from library <work>.

Elaborating entity <CarrySelectBlock> (architecture <Structural>) with generics from library <work>.

Elaborating entity <RCA> (architecture <STRUCTURAL>) with generics from library <work>.

Elaborating entity <FA> (architecture <BEHAVIORAL>) from library <work>.

Elaborating entity <MUX21_GENERIC> (architecture <STRUCTURAL>) with generics from library <work>.

Elaborating entity <MUX21> (architecture <BEHAVIORAL>) from library <work>.

=========================================================================
*                           HDL Synthesis                               *
=========================================================================

Synthesizing Unit <P4Adder>.
    Related source file is "C:\Users\UTENTE\Desktop\Politecnico di Torino\Laurea Magistrale\I Anno\Microelectronic Systems\DLX\MyDLX\Adders\P4Adder\P4Adder.vhd".
        N = 32
    Summary:
	no macro.
Unit <P4Adder> synthesized.

Synthesizing Unit <CarryGenerator>.
    Related source file is "C:\Users\UTENTE\Desktop\Politecnico di Torino\Laurea Magistrale\I Anno\Microelectronic Systems\DLX\MyDLX\Adders\P4Adder\CarryGenerator.vhd".
        N = 32
        K = 8
    Summary:
	no macro.
Unit <CarryGenerator> synthesized.

Synthesizing Unit <PG_network>.
    Related source file is "C:\Users\UTENTE\Desktop\Politecnico di Torino\Laurea Magistrale\I Anno\Microelectronic Systems\DLX\MyDLX\Adders\P4Adder\PG_network.vhd".
        N = 32
WARNING:Xst:653 - Signal <P<0>> is used but never assigned. This sourceless signal will be automatically connected to value GND.
    Summary:
Unit <PG_network> synthesized.

Synthesizing Unit <GeneralGenerate>.
    Related source file is "C:\Users\UTENTE\Desktop\Politecnico di Torino\Laurea Magistrale\I Anno\Microelectronic Systems\DLX\MyDLX\Adders\P4Adder\GeneralGenerate.vhd".
    Summary:
	no macro.
Unit <GeneralGenerate> synthesized.

Synthesizing Unit <PG_cell>.
    Related source file is "C:\Users\UTENTE\Desktop\Politecnico di Torino\Laurea Magistrale\I Anno\Microelectronic Systems\DLX\MyDLX\Adders\P4Adder\PG_cell.vhd".
    Summary:
Unit <PG_cell> synthesized.

Synthesizing Unit <GeneralPropagate>.
    Related source file is "C:\Users\UTENTE\Desktop\Politecnico di Torino\Laurea Magistrale\I Anno\Microelectronic Systems\DLX\MyDLX\Adders\P4Adder\GeneralPropagate.vhd".
    Summary:
	no macro.
Unit <GeneralPropagate> synthesized.

Synthesizing Unit <CarrySelect>.
    Related source file is "C:\Users\UTENTE\Desktop\Politecnico di Torino\Laurea Magistrale\I Anno\Microelectronic Systems\DLX\MyDLX\Adders\P4Adder\CarrySelect.vhd".
        N = 32
        K = 4
    Summary:
	no macro.
Unit <CarrySelect> synthesized.

Synthesizing Unit <CarrySelectBlock>.
    Related source file is "C:\Users\UTENTE\Desktop\Politecnico di Torino\Laurea Magistrale\I Anno\Microelectronic Systems\DLX\MyDLX\Adders\P4Adder\CarrySelectBlock.vhd".
        N = 4
INFO:Xst:3210 - "C:\Users\UTENTE\Desktop\Politecnico di Torino\Laurea Magistrale\I Anno\Microelectronic Systems\DLX\MyDLX\Adders\P4Adder\CarrySelectBlock.vhd" line 41: Output port <Co> of the instance <rca1> is unconnected or connected to loadless signal.
INFO:Xst:3210 - "C:\Users\UTENTE\Desktop\Politecnico di Torino\Laurea Magistrale\I Anno\Microelectronic Systems\DLX\MyDLX\Adders\P4Adder\CarrySelectBlock.vhd" line 50: Output port <Co> of the instance <rca2> is unconnected or connected to loadless signal.
    Summary:
	no macro.
Unit <CarrySelectBlock> synthesized.

Synthesizing Unit <RCA>.
    Related source file is "C:\Users\UTENTE\Desktop\Politecnico di Torino\Laurea Magistrale\I Anno\Microelectronic Systems\DLX\MyDLX\Adders\P4Adder\rca.vhd".
        N = 4
    Summary:
	no macro.
Unit <RCA> synthesized.

Synthesizing Unit <FA>.
    Related source file is "C:\Users\UTENTE\Desktop\Politecnico di Torino\Laurea Magistrale\I Anno\Microelectronic Systems\DLX\MyDLX\Adders\P4Adder\fa.vhd".
    Summary:
Unit <FA> synthesized.

Synthesizing Unit <MUX21_GENERIC>.
    Related source file is "C:\Users\UTENTE\Desktop\Politecnico di Torino\Laurea Magistrale\I Anno\Microelectronic Systems\DLX\MyDLX\Adders\P4Adder\mux_generic.vhd".
        N = 4
    Summary:
	no macro.
Unit <MUX21_GENERIC> synthesized.

Synthesizing Unit <MUX21>.
    Related source file is "C:\Users\UTENTE\Desktop\Politecnico di Torino\Laurea Magistrale\I Anno\Microelectronic Systems\DLX\MyDLX\Adders\P4Adder\mux21.vhd".
    Summary:
	inferred   1 Multiplexer(s).
Unit <MUX21> synthesized.

=========================================================================
HDL Synthesis Report

Macro Statistics
# Multiplexers                                         : 32
 1-bit 2-to-1 multiplexer                              : 32
# Xors                                                 : 160
 1-bit xor2                                            : 160

=========================================================================

=========================================================================
*                       Advanced HDL Synthesis                          *
=========================================================================


=========================================================================
Advanced HDL Synthesis Report

Macro Statistics
# Multiplexers                                         : 32
 1-bit 2-to-1 multiplexer                              : 32
# Xors                                                 : 160
 1-bit xor2                                            : 160

=========================================================================

=========================================================================
*                         Low Level Synthesis                           *
=========================================================================

Optimizing unit <P4Adder> ...

Optimizing unit <CarryGenerator> ...

Optimizing unit <CarrySelect> ...

Mapping all equations...
Building and optimizing final netlist ...
Found area constraint ratio of 100 (+ 5) on block P4Adder, actual ratio is 0.

Final Macro Processing ...

=========================================================================
Final Register Report

Found no macro
=========================================================================

=========================================================================
*                           Partition Report                            *
=========================================================================

Partition Implementation Status
-------------------------------

  No Partitions were found in this design.

-------------------------------

=========================================================================
*                            Design Summary                             *
=========================================================================

Top Level Output File Name         : P4Adder.ngc

Primitive and Black Box Usage:
------------------------------
# BELS                             : 64
#      LUT2                        : 2
#      LUT3                        : 14
#      LUT5                        : 38
#      LUT6                        : 10
# IO Buffers                       : 98
#      IBUF                        : 65
#      OBUF                        : 33

Device utilization summary:
---------------------------

Selected Device : 7a100tcsg324-3 


Slice Logic Utilization: 
 Number of Slice LUTs:                   64  out of  63400     0%  
    Number used as Logic:                64  out of  63400     0%  

Slice Logic Distribution: 
 Number of LUT Flip Flop pairs used:     64
   Number with an unused Flip Flop:      64  out of     64   100%  
   Number with an unused LUT:             0  out of     64     0%  
   Number of fully used LUT-FF pairs:     0  out of     64     0%  
   Number of unique control sets:         0

IO Utilization: 
 Number of IOs:                          98
 Number of bonded IOBs:                  98  out of    210    46%  

Specific Feature Utilization:

---------------------------
Partition Resource Summary:
---------------------------

  No Partitions were found in this design.

---------------------------


=========================================================================
Timing Report

NOTE: THESE TIMING NUMBERS ARE ONLY A SYNTHESIS ESTIMATE.
      FOR ACCURATE TIMING INFORMATION PLEASE REFER TO THE TRACE REPORT
      GENERATED AFTER PLACE-and-ROUTE.

Clock Information:
------------------
No clock signals found in this design

Asynchronous Control Signals Information:
----------------------------------------
No asynchronous control signals found in this design

Timing Summary:
---------------
Speed Grade: -3

   Minimum period: No path found
   Minimum input arrival time before clock: No path found
   Maximum output required time after clock: No path found
   Maximum combinational path delay: 7.741ns

Timing Details:
---------------
All values displayed in nanoseconds (ns)

=========================================================================
Timing constraint: Default path analysis
  Total number of paths / destination ports: 1161 / 33
-------------------------------------------------------------------------
Delay:               7.741ns (Levels of Logic = 18)
  Source:            A<1> (PAD)
  Destination:       Sum<31> (PAD)

  Data Path: A<1> to Sum<31>
                                Gate     Net
    Cell:in->out      fanout   Delay   Delay  Logical Name (Net Name)
    ----------------------------------------  ------------
     IBUF:I->O             4   0.001   0.697  A_1_IBUF (A_1_IBUF)
     LUT5:I0->O            1   0.097   0.295  CG/MAIN_FOR[2].REGIF.REGFOR[1].REGIF_G.PM0/G_ij1 (CG/MAIN_FOR[2].REGIF.REGFOR[1].REGIF_G.PM0/G_ij)
     LUT5:I4->O            5   0.097   0.398  CG/MAIN_FOR[2].REGIF.REGFOR[1].REGIF_G.PM0/G_ij2 (carry_tmp<1>)
     LUT5:I3->O            1   0.097   0.295  CG/MAIN_FOR[3].REGIF.REGFOR[1].REGIF_G.PM0/G_ij1 (CG/MAIN_FOR[3].REGIF.REGFOR[1].REGIF_G.PM0/G_ij)
     LUT5:I4->O            5   0.097   0.398  CG/MAIN_FOR[3].REGIF.REGFOR[1].REGIF_G.PM0/G_ij2 (carry_tmp<2>)
     LUT5:I3->O            1   0.097   0.295  CG/MAIN_FOR[4].IRREGIF.IRREGIF1.IRREGFOR1[1].IRREGIF1_G.IRREGFOR_G_HALF2[1].L1.PM4/G_ij1 (CG/MAIN_FOR[4].IRREGIF.IRREGIF1.IRREGFOR1[1].IRREGIF1_G.IRREGFOR_G_HALF2[1].L1.PM4/G_ij)
     LUT5:I4->O            5   0.097   0.314  CG/MAIN_FOR[4].IRREGIF.IRREGIF1.IRREGFOR1[1].IRREGIF1_G.IRREGFOR_G_HALF2[1].L1.PM4/G_ij2 (carry_tmp<3>)
     LUT5:I4->O            1   0.097   0.295  CG/MAIN_FOR[4].IRREGIF.IRREGIF1.IRREGFOR1[1].IRREGIF1_G.IRREGFOR_G_HALF1[1].PM3/G_ij_SW0 (N2)
     LUT5:I4->O            5   0.097   0.314  CG/MAIN_FOR[4].IRREGIF.IRREGIF1.IRREGFOR1[1].IRREGIF1_G.IRREGFOR_G_HALF1[1].PM3/G_ij (carry_tmp<4>)
     LUT5:I4->O            1   0.097   0.295  CG/MAIN_FOR[5].IRREGIF.LASTIF.LAST_IRREGFOR_HALF2[2].L7.PM13/G_ij_SW0 (N6)
     LUT5:I4->O            5   0.097   0.314  CG/MAIN_FOR[5].IRREGIF.LASTIF.LAST_IRREGFOR_HALF2[2].L7.PM13/G_ij (carry_tmp<5>)
     LUT5:I4->O            1   0.097   0.295  CG/MAIN_FOR[5].IRREGIF.LASTIF.LAST_IRREGFOR_HALF2[1].L8.L9[1].PM14/G_ij1 (CG/MAIN_FOR[5].IRREGIF.LASTIF.LAST_IRREGFOR_HALF2[1].L8.L9[1].PM14/G_ij)
     LUT5:I4->O            5   0.097   0.398  CG/MAIN_FOR[5].IRREGIF.LASTIF.LAST_IRREGFOR_HALF2[1].L8.L9[1].PM14/G_ij2 (carry_tmp<6>)
     LUT5:I3->O            1   0.097   0.295  CG/MAIN_FOR[5].IRREGIF.LASTIF.LAST_IRREGFOR_HALF1[2].PM9/G_ij1 (CG/MAIN_FOR[5].IRREGIF.LASTIF.LAST_IRREGFOR_HALF1[2].PM9/G_ij)
     LUT5:I4->O            5   0.097   0.712  CG/MAIN_FOR[5].IRREGIF.LASTIF.LAST_IRREGFOR_HALF1[2].PM9/G_ij2 (carry_tmp<7>)
     LUT6:I0->O            1   0.097   0.295  CS/S<31>11 (CS/S<31>_bdd0)
     LUT5:I4->O            1   0.097   0.279  CS/S<31>2 (Sum_31_OBUF)
     OBUF:I->O                 0.000          Sum_31_OBUF (Sum<31>)
    ----------------------------------------
    Total                      7.741ns (1.553ns logic, 6.188ns route)
                                       (20.1% logic, 79.9% route)

=========================================================================

Cross Clock Domains Report:
--------------------------

=========================================================================


Total REAL time to Xst completion: 8.00 secs
Total CPU time to Xst completion: 7.81 secs
 
--> 

Total memory usage is 319048 kilobytes

Number of errors   :    0 (   0 filtered)
Number of warnings :    1 (   0 filtered)
Number of infos    :    2 (   0 filtered)

