Release 14.7 - xst P.20131013 (nt)
Copyright (c) 1995-2013 Xilinx, Inc.  All rights reserved.
--> Parameter TMPDIR set to xst/projnav.tmp


Total REAL time to Xst completion: 0.00 secs
Total CPU time to Xst completion: 0.14 secs
 
--> Parameter xsthdpdir set to xst


Total REAL time to Xst completion: 0.00 secs
Total CPU time to Xst completion: 0.14 secs
 
--> Reading design: Multiplier.prj

TABLE OF CONTENTS
  1) Synthesis Options Summary
  2) HDL Parsing
  3) HDL Elaboration
  4) HDL Synthesis
       4.1) HDL Synthesis Report
  5) Advanced HDL Synthesis
       5.1) Advanced HDL Synthesis Report
  6) Low Level Synthesis
  7) Partition Report
  8) Design Summary
       8.1) Primitive and Black Box Usage
       8.2) Device utilization summary
       8.3) Partition Resource Summary
       8.4) Timing Report
            8.4.1) Clock Information
            8.4.2) Asynchronous Control Signals Information
            8.4.3) Timing Summary
            8.4.4) Timing Details
            8.4.5) Cross Clock Domains Report


=========================================================================
*                      Synthesis Options Summary                        *
=========================================================================
---- Source Parameters
Input File Name                    : "Multiplier.prj"
Ignore Synthesis Constraint File   : NO

---- Target Parameters
Output File Name                   : "Multiplier"
Output Format                      : NGC
Target Device                      : xc7a100t-3-csg324

---- Source Options
Top Module Name                    : Multiplier
Automatic FSM Extraction           : YES
FSM Encoding Algorithm             : Auto
Safe Implementation                : No
FSM Style                          : LUT
RAM Extraction                     : Yes
RAM Style                          : Auto
ROM Extraction                     : Yes
Shift Register Extraction          : YES
ROM Style                          : Auto
Resource Sharing                   : YES
Asynchronous To Synchronous        : NO
Shift Register Minimum Size        : 2
Use DSP Block                      : Auto
Automatic Register Balancing       : No

---- Target Options
LUT Combining                      : Auto
Reduce Control Sets                : Auto
Add IO Buffers                     : YES
Global Maximum Fanout              : 100000
Add Generic Clock Buffer(BUFG)     : 32
Register Duplication               : YES
Optimize Instantiated Primitives   : NO
Use Clock Enable                   : Auto
Use Synchronous Set                : Auto
Use Synchronous Reset              : Auto
Pack IO Registers into IOBs        : Auto
Equivalent register Removal        : YES

---- General Options
Optimization Goal                  : Speed
Optimization Effort                : 1
Power Reduction                    : NO
Keep Hierarchy                     : No
Netlist Hierarchy                  : As_Optimized
RTL Output                         : Yes
Global Optimization                : AllClockNets
Read Cores                         : YES
Write Timing Constraints           : NO
Cross Clock Analysis               : NO
Hierarchy Separator                : /
Bus Delimiter                      : <>
Case Specifier                     : Maintain
Slice Utilization Ratio            : 100
BRAM Utilization Ratio             : 100
DSP48 Utilization Ratio            : 100
Auto BRAM Packing                  : NO
Slice Utilization Ratio Delta      : 5

=========================================================================


=========================================================================
*                          HDL Parsing                                  *
=========================================================================
Parsing VHDL file "C:\Users\UTENTE\Desktop\Politecnico di Torino\Laurea Magistrale\I Anno\Microelectronic Systems\DLX\MyDLX\MultiplierBehavioral\Multiplier\Multiplier.vhd" into library work
Parsing entity <Multiplier>.
Parsing architecture <Behavioral> of entity <multiplier>.

=========================================================================
*                            HDL Elaboration                            *
=========================================================================

Elaborating entity <Multiplier> (architecture <Behavioral>) with generics from library <work>.

=========================================================================
*                           HDL Synthesis                               *
=========================================================================

Synthesizing Unit <Multiplier>.
    Related source file is "C:\Users\UTENTE\Desktop\Politecnico di Torino\Laurea Magistrale\I Anno\Microelectronic Systems\DLX\MyDLX\MultiplierBehavioral\Multiplier\Multiplier.vhd".
        NBIT_DATA = 32
    Found 32x32-bit multiplier for signal <MUL_OpA[31]_MUL_OpB[31]_MuLt_0_OUT[63:0]> created at line 64.
    Found 32x32-bit multiplier for signal <MUL_OpA[31]_MUL_OpB[31]_MuLt_2_OUT[63:0]> created at line 68.
    Summary:
	inferred   2 Multiplier(s).
	inferred   1 Multiplexer(s).
Unit <Multiplier> synthesized.

=========================================================================
HDL Synthesis Report

Macro Statistics
# Multipliers                                          : 2
 32x32-bit multiplier                                  : 2
# Multiplexers                                         : 1
 64-bit 2-to-1 multiplexer                             : 1

=========================================================================

=========================================================================
*                       Advanced HDL Synthesis                          *
=========================================================================


=========================================================================
Advanced HDL Synthesis Report

Macro Statistics
# Multipliers                                          : 2
 32x32-bit multiplier                                  : 2
# Multiplexers                                         : 1
 64-bit 2-to-1 multiplexer                             : 1

=========================================================================

=========================================================================
*                         Low Level Synthesis                           *
=========================================================================

Optimizing unit <Multiplier> ...

Mapping all equations...
Building and optimizing final netlist ...
Found area constraint ratio of 100 (+ 5) on block Multiplier, actual ratio is 0.

Final Macro Processing ...

=========================================================================
Final Register Report

Found no macro
=========================================================================

=========================================================================
*                           Partition Report                            *
=========================================================================

Partition Implementation Status
-------------------------------

  No Partitions were found in this design.

-------------------------------

=========================================================================
*                            Design Summary                             *
=========================================================================

Top Level Output File Name         : Multiplier.ngc

Primitive and Black Box Usage:
------------------------------
# BELS                             : 66
#      GND                         : 1
#      LUT3                        : 64
#      VCC                         : 1
# IO Buffers                       : 129
#      IBUF                        : 65
#      OBUF                        : 64
# DSPs                             : 8
#      DSP48E1                     : 8

Device utilization summary:
---------------------------

Selected Device : 7a100tcsg324-3 


Slice Logic Utilization: 
 Number of Slice LUTs:                   64  out of  63400     0%  
    Number used as Logic:                64  out of  63400     0%  

Slice Logic Distribution: 
 Number of LUT Flip Flop pairs used:     64
   Number with an unused Flip Flop:      64  out of     64   100%  
   Number with an unused LUT:             0  out of     64     0%  
   Number of fully used LUT-FF pairs:     0  out of     64     0%  
   Number of unique control sets:         0

IO Utilization: 
 Number of IOs:                         129
 Number of bonded IOBs:                 129  out of    210    61%  

Specific Feature Utilization:
 Number of DSP48E1s:                      8  out of    240     3%  

---------------------------
Partition Resource Summary:
---------------------------

  No Partitions were found in this design.

---------------------------


=========================================================================
Timing Report

NOTE: THESE TIMING NUMBERS ARE ONLY A SYNTHESIS ESTIMATE.
      FOR ACCURATE TIMING INFORMATION PLEASE REFER TO THE TRACE REPORT
      GENERATED AFTER PLACE-and-ROUTE.

Clock Information:
------------------
No clock signals found in this design

Asynchronous Control Signals Information:
----------------------------------------
No asynchronous control signals found in this design

Timing Summary:
---------------
Speed Grade: -3

   Minimum period: No path found
   Minimum input arrival time before clock: No path found
   Maximum output required time after clock: No path found
   Maximum combinational path delay: 7.627ns

Timing Details:
---------------
All values displayed in nanoseconds (ns)

=========================================================================
Timing constraint: Default path analysis
  Total number of paths / destination ports: 233068044 / 64
-------------------------------------------------------------------------
Delay:               7.627ns (Levels of Logic = 7)
  Source:            MUL_OpB<16> (PAD)
  Destination:       MUL_product<63> (PAD)

  Data Path: MUL_OpB<16> to MUL_product<63>
                                Gate     Net
    Cell:in->out      fanout   Delay   Delay  Logical Name (Net Name)
    ----------------------------------------  ------------
     IBUF:I->O             2   0.001   0.284  MUL_OpB_16_IBUF (MUL_OpB_16_IBUF)
     DSP48E1:A16->PCOUT47    1   2.970   0.000  Mmult_MUL_OpA[31]_MUL_OpB[31]_MuLt_0_OUT[63:0] (Mmult_MUL_OpA[31]_MUL_OpB[31]_MuLt_0_OUT[63:0]_PCOUT_to_Mmult_MUL_OpA[31]_MUL_OpB[31]_MuLt_0_OUT[63:0]1_PCIN_47)
     DSP48E1:PCIN47->PCOUT47    1   1.255   0.000  Mmult_MUL_OpA[31]_MUL_OpB[31]_MuLt_0_OUT[63:0]1 (Mmult_MUL_OpA[31]_MUL_OpB[31]_MuLt_0_OUT[63:0]1_PCOUT_to_Mmult_MUL_OpA[31]_MUL_OpB[31]_MuLt_0_OUT[63:0]2_PCIN_47)
     DSP48E1:PCIN47->PCOUT47    1   1.255   0.000  Mmult_MUL_OpA[31]_MUL_OpB[31]_MuLt_0_OUT[63:0]2 (Mmult_MUL_OpA[31]_MUL_OpB[31]_MuLt_0_OUT[63:0]2_PCOUT_to_Mmult_MUL_OpA[31]_MUL_OpB[31]_MuLt_0_OUT[63:0]3_PCIN_47)
     DSP48E1:PCIN47->P29    1   1.107   0.379  Mmult_MUL_OpA[31]_MUL_OpB[31]_MuLt_0_OUT[63:0]3 (MUL_OpA[31]_MUL_OpB[31]_MuLt_0_OUT[63:0]<63>)
     LUT3:I1->O            1   0.097   0.279  Mmux_MUL_product601 (MUL_product_63_OBUF)
     OBUF:I->O                 0.000          MUL_product_63_OBUF (MUL_product<63>)
    ----------------------------------------
    Total                      7.627ns (6.685ns logic, 0.942ns route)
                                       (87.6% logic, 12.4% route)

=========================================================================

Cross Clock Domains Report:
--------------------------

=========================================================================


Total REAL time to Xst completion: 9.00 secs
Total CPU time to Xst completion: 8.55 secs
 
--> 

Total memory usage is 422272 kilobytes

Number of errors   :    0 (   0 filtered)
Number of warnings :    0 (   0 filtered)
Number of infos    :    0 (   0 filtered)

