Release 14.7 - xst P.20131013 (nt)
Copyright (c) 1995-2013 Xilinx, Inc.  All rights reserved.
--> Parameter TMPDIR set to xst/projnav.tmp


Total REAL time to Xst completion: 0.00 secs
Total CPU time to Xst completion: 0.17 secs
 
--> Parameter xsthdpdir set to xst


Total REAL time to Xst completion: 0.00 secs
Total CPU time to Xst completion: 0.17 secs
 
--> Reading design: DLX_plus_memories.prj

TABLE OF CONTENTS
  1) Synthesis Options Summary
  2) HDL Parsing
  3) HDL Elaboration
  4) HDL Synthesis
       4.1) HDL Synthesis Report
  5) Advanced HDL Synthesis
       5.1) Advanced HDL Synthesis Report
  6) Low Level Synthesis
  7) Partition Report
  8) Design Summary
       8.1) Primitive and Black Box Usage
       8.2) Device utilization summary
       8.3) Partition Resource Summary
       8.4) Timing Report
            8.4.1) Clock Information
            8.4.2) Asynchronous Control Signals Information
            8.4.3) Timing Summary
            8.4.4) Timing Details
            8.4.5) Cross Clock Domains Report


=========================================================================
*                      Synthesis Options Summary                        *
=========================================================================
---- Source Parameters
Input File Name                    : "DLX_plus_memories.prj"
Ignore Synthesis Constraint File   : NO

---- Target Parameters
Output File Name                   : "DLX_plus_memories"
Output Format                      : NGC
Target Device                      : xc7a100t-3-csg324

---- Source Options
Top Module Name                    : DLX_plus_memories
Automatic FSM Extraction           : YES
FSM Encoding Algorithm             : Auto
Safe Implementation                : No
FSM Style                          : LUT
RAM Extraction                     : Yes
RAM Style                          : Auto
ROM Extraction                     : Yes
Shift Register Extraction          : YES
ROM Style                          : Auto
Resource Sharing                   : YES
Asynchronous To Synchronous        : NO
Shift Register Minimum Size        : 2
Use DSP Block                      : Auto
Automatic Register Balancing       : No

---- Target Options
LUT Combining                      : Auto
Reduce Control Sets                : Auto
Add IO Buffers                     : YES
Global Maximum Fanout              : 100000
Add Generic Clock Buffer(BUFG)     : 32
Register Duplication               : YES
Optimize Instantiated Primitives   : NO
Use Clock Enable                   : Auto
Use Synchronous Set                : Auto
Use Synchronous Reset              : Auto
Pack IO Registers into IOBs        : Auto
Equivalent register Removal        : YES

---- General Options
Optimization Goal                  : Speed
Optimization Effort                : 1
Power Reduction                    : NO
Keep Hierarchy                     : No
Netlist Hierarchy                  : As_Optimized
RTL Output                         : Yes
Global Optimization                : AllClockNets
Read Cores                         : YES
Write Timing Constraints           : NO
Cross Clock Analysis               : NO
Hierarchy Separator                : /
Bus Delimiter                      : <>
Case Specifier                     : Maintain
Slice Utilization Ratio            : 100
BRAM Utilization Ratio             : 100
DSP48 Utilization Ratio            : 100
Auto BRAM Packing                  : NO
Slice Utilization Ratio Delta      : 5

=========================================================================


=========================================================================
*                          HDL Parsing                                  *
=========================================================================
Parsing VHDL file "C:\Users\Alessandro\Documents\GitHub\MyDLX\DLX_plus_memories\mux21.vhd" into library work
Parsing entity <MUX21>.
Parsing architecture <BEHAVIORAL> of entity <mux21>.
Parsing configuration <CFG_MUX21_BEHAVIORAL>.
Parsing VHDL file "C:\Users\Alessandro\Documents\GitHub\MyDLX\DLX_plus_memories\fa.vhd" into library work
Parsing entity <FA>.
Parsing architecture <BEHAVIORAL> of entity <fa>.
Parsing configuration <CFG_FA_BEHAVIORAL>.
Parsing VHDL file "C:\Users\Alessandro\Documents\GitHub\MyDLX\DLX_plus_memories\rca.vhd" into library work
Parsing entity <RCA>.
Parsing architecture <STRUCTURAL> of entity <rca>.
Parsing configuration <CFG_RCA_STRUCTURAL>.
Parsing VHDL file "C:\Users\Alessandro\Documents\GitHub\MyDLX\DLX_plus_memories\PG_cell.vhd" into library work
Parsing entity <PG_cell>.
Parsing architecture <Behavioral> of entity <pg_cell>.
Parsing VHDL file "C:\Users\Alessandro\Documents\GitHub\MyDLX\DLX_plus_memories\mux_generic.vhd" into library work
Parsing entity <MUX21_GENERIC>.
Parsing architecture <STRUCTURAL> of entity <mux21_generic>.
Parsing configuration <CFG_MUX21_GEN_STRUCTURAL>.
Parsing VHDL file "C:\Users\Alessandro\Documents\GitHub\MyDLX\DLX_plus_memories\GeneralGenerate.vhd" into library work
Parsing entity <GeneralGenerate>.
Parsing architecture <Behavioral> of entity <generalgenerate>.
Parsing VHDL file "C:\Users\Alessandro\Documents\GitHub\MyDLX\DLX_plus_memories\constants.vhd" into library work
Parsing package <CONSTANTS>.
Parsing package body <CONSTANTS>.
Parsing VHDL file "C:\Users\Alessandro\Documents\GitHub\MyDLX\DLX_plus_memories\PG_network.vhd" into library work
Parsing entity <PG_network>.
Parsing architecture <Behavioral> of entity <pg_network>.
Parsing VHDL file "C:\Users\Alessandro\Documents\GitHub\MyDLX\DLX_plus_memories\ORGate_NX1.vhd" into library work
Parsing entity <ORGate_NX1>.
Parsing architecture <Behavioral> of entity <orgate_nx1>.
Parsing VHDL file "C:\Users\Alessandro\Documents\GitHub\MyDLX\DLX_plus_memories\Mux_1Bit_2X1.vhd" into library work
Parsing entity <Mux_1Bit_2X1>.
Parsing architecture <Behavioral> of entity <mux_1bit_2x1>.
Parsing VHDL file "C:\Users\Alessandro\Documents\GitHub\MyDLX\DLX_plus_memories\GeneralPropagate.vhd" into library work
Parsing entity <GeneralPropagate>.
Parsing architecture <Behavioral> of entity <generalpropagate>.
Parsing VHDL file "C:\Users\Alessandro\Documents\GitHub\MyDLX\DLX_plus_memories\CarrySelectBlock.vhd" into library work
Parsing entity <CarrySelectBlock>.
Parsing architecture <Structural> of entity <carryselectblock>.
Parsing VHDL file "C:\Users\Alessandro\Documents\GitHub\MyDLX\DLX_plus_memories\XNORGate_NX1.vhd" into library work
Parsing entity <XNORGate_NX1>.
Parsing architecture <Behavioral> of entity <xnorgate_nx1>.
Parsing VHDL file "C:\Users\Alessandro\Documents\GitHub\MyDLX\DLX_plus_memories\Sum_Network.vhd" into library work
Parsing entity <Sum_Network>.
Parsing architecture <Behavioral> of entity <sum_network>.
Parsing VHDL file "C:\Users\Alessandro\Documents\GitHub\MyDLX\DLX_plus_memories\NORGate_NX1.vhd" into library work
Parsing entity <NORGate_NX1>.
Parsing architecture <Behavioral> of entity <norgate_nx1>.
Parsing VHDL file "C:\Users\Alessandro\Documents\GitHub\MyDLX\DLX_plus_memories\Mux_NBit_2x1.vhd" into library work
Parsing entity <Mux_NBit_2x1>.
Parsing architecture <Behavioral> of entity <mux_nbit_2x1>.
Parsing VHDL file "C:\Users\Alessandro\Documents\GitHub\MyDLX\DLX_plus_memories\Comparator.vhd" into library work
Parsing entity <Comparator>.
Parsing architecture <Structural> of entity <comparator>.
Parsing VHDL file "C:\Users\Alessandro\Documents\GitHub\MyDLX\DLX_plus_memories\Carry_Network.vhd" into library work
Parsing entity <Carry_Network>.
Parsing architecture <Behavioral> of entity <carry_network>.
Parsing VHDL file "C:\Users\Alessandro\Documents\GitHub\MyDLX\DLX_plus_memories\CarrySelect.vhd" into library work
Parsing entity <CarrySelect>.
Parsing architecture <Structural> of entity <carryselect>.
Parsing VHDL file "C:\Users\Alessandro\Documents\GitHub\MyDLX\DLX_plus_memories\CarryGenerator.vhd" into library work
Parsing entity <CarryGenerator>.
Parsing architecture <Behavioral> of entity <carrygenerator>.
Parsing VHDL file "C:\Users\Alessandro\Documents\GitHub\MyDLX\DLX_plus_memories\t_ff_rst1.vhd" into library work
Parsing entity <t_ff_rst1>.
Parsing architecture <Behavioral> of entity <t_ff_rst1>.
Parsing VHDL file "C:\Users\Alessandro\Documents\GitHub\MyDLX\DLX_plus_memories\t_ff.vhd" into library work
Parsing entity <t_ff_rst0>.
Parsing architecture <behavioral> of entity <t_ff_rst0>.
Parsing VHDL file "C:\Users\Alessandro\Documents\GitHub\MyDLX\DLX_plus_memories\PropagateCarryLookahead.vhd" into library work
Parsing entity <PropagateCarryLookahead>.
Parsing architecture <Behavioral> of entity <propagatecarrylookahead>.
Parsing VHDL file "C:\Users\Alessandro\Documents\GitHub\MyDLX\DLX_plus_memories\P4Adder.vhd" into library work
Parsing entity <P4Adder>.
Parsing architecture <Behavioral> of entity <p4adder>.
Parsing VHDL file "C:\Users\Alessandro\Documents\GitHub\MyDLX\DLX_plus_memories\NRegister.vhd" into library work
Parsing entity <NRegister>.
Parsing architecture <Behavioral> of entity <nregister>.
Parsing VHDL file "C:\Users\Alessandro\Documents\GitHub\MyDLX\DLX_plus_memories\NDecoder.vhd" into library work
Parsing entity <Decoder>.
Parsing architecture <Behavioral> of entity <decoder>.
Parsing VHDL file "C:\Users\Alessandro\Documents\GitHub\MyDLX\DLX_plus_memories\Logic_Unit.vhd" into library work
Parsing entity <Logic_Unit>.
Parsing architecture <Structural> of entity <logic_unit>.
Parsing VHDL file "C:\Users\Alessandro\Documents\GitHub\MyDLX\DLX_plus_memories\Flag_Generator.vhd" into library work
Parsing entity <Flag_Generator>.
Parsing architecture <Structural> of entity <flag_generator>.
Parsing VHDL file "C:\Users\Alessandro\Documents\GitHub\MyDLX\DLX_plus_memories\Enable_Interface.vhd" into library work
Parsing entity <Enable_Interface>.
Parsing architecture <Behavioral> of entity <enable_interface>.
Parsing VHDL file "C:\Users\Alessandro\Documents\GitHub\MyDLX\DLX_plus_memories\Comparison_Logic.vhd" into library work
Parsing entity <Comparison_Logic>.
Parsing architecture <Structural> of entity <comparison_logic>.
Parsing VHDL file "C:\Users\Alessandro\Documents\GitHub\MyDLX\DLX_plus_memories\ComparatorWithEnable.vhd" into library work
Parsing entity <ComparatorWithEnable>.
Parsing architecture <Behavioral> of entity <comparatorwithenable>.
Parsing VHDL file "C:\Users\Alessandro\Documents\GitHub\MyDLX\DLX_plus_memories\Barrel_Shifter.vhd" into library work
Parsing entity <Barrel_Shifter>.
Parsing architecture <Structural> of entity <barrel_shifter>.
Parsing VHDL file "C:\Users\Alessandro\Documents\GitHub\MyDLX\DLX_plus_memories\ud_counter.vhd" into library work
Parsing entity <UD_COUNTER>.
Parsing architecture <STR> of entity <ud_counter>.
Parsing VHDL file "C:\Users\Alessandro\Documents\GitHub\MyDLX\DLX_plus_memories\Sign_Reducer.vhd" into library work
Parsing entity <Sign_Reducer>.
Parsing architecture <Structural> of entity <sign_reducer>.
Parsing VHDL file "C:\Users\Alessandro\Documents\GitHub\MyDLX\DLX_plus_memories\Sign_Extender.vhd" into library work
Parsing entity <Sign_Extender>.
Parsing architecture <Behavioral> of entity <sign_extender>.
Parsing VHDL file "C:\Users\Alessandro\Documents\GitHub\MyDLX\DLX_plus_memories\Register_File.vhd" into library work
Parsing entity <Register_File>.
Parsing architecture <Structural> of entity <register_file>.
Parsing VHDL file "C:\Users\Alessandro\Documents\GitHub\MyDLX\DLX_plus_memories\Reg1Bit.vhd" into library work
Parsing entity <Reg1Bit>.
Parsing architecture <Behavioral> of entity <reg1bit>.
Parsing VHDL file "C:\Users\Alessandro\Documents\GitHub\MyDLX\DLX_plus_memories\NComparatorWithEnable.vhd" into library work
Parsing entity <NComparatorWithEnable>.
Parsing architecture <Behavioral> of entity <ncomparatorwithenable>.
Parsing VHDL file "C:\Users\Alessandro\Documents\GitHub\MyDLX\DLX_plus_memories\Mux_Bit.vhd" into library work
Parsing entity <Mux_Bit>.
Parsing architecture <Behavioral> of entity <mux_bit>.
Parsing VHDL file "C:\Users\Alessandro\Documents\GitHub\MyDLX\DLX_plus_memories\Multiplier.vhd" into library work
Parsing entity <Multiplier>.
Parsing architecture <Behavioral> of entity <multiplier>.
Parsing VHDL file "C:\Users\Alessandro\Documents\GitHub\MyDLX\DLX_plus_memories\Jmp_Branch_Manager.vhd" into library work
Parsing entity <Jmp_Branch_Manager>.
Parsing architecture <Behavioral> of entity <jmp_branch_manager>.
Parsing VHDL file "C:\Users\Alessandro\Documents\GitHub\MyDLX\DLX_plus_memories\D_FF.vhd" into library work
Parsing entity <D_FF>.
Parsing architecture <Behavioral> of entity <d_ff>.
Parsing VHDL file "C:\Users\Alessandro\Documents\GitHub\MyDLX\DLX_plus_memories\Data_Reducer.vhd" into library work
Parsing entity <Data_Reducer>.
Parsing architecture <Behavioral> of entity <data_reducer>.
Parsing VHDL file "C:\Users\Alessandro\Documents\GitHub\MyDLX\DLX_plus_memories\CU_SatCounter.vhd" into library work
Parsing entity <CU_SatCounter>.
Parsing architecture <Behavioral> of entity <cu_satcounter>.
Parsing VHDL file "C:\Users\Alessandro\Documents\GitHub\MyDLX\DLX_plus_memories\ANDGate_NX1.vhd" into library work
Parsing entity <ANDGate_NX1>.
Parsing architecture <Behavioral> of entity <andgate_nx1>.
Parsing VHDL file "C:\Users\Alessandro\Documents\GitHub\MyDLX\DLX_plus_memories\ALU.vhd" into library work
Parsing entity <ALU>.
Parsing architecture <Structural> of entity <alu>.
Parsing VHDL file "C:\Users\Alessandro\Documents\GitHub\MyDLX\DLX_plus_memories\WriteBack_Stage.vhd" into library work
Parsing entity <WriteBack_Stage>.
Parsing architecture <Structural> of entity <writeback_stage>.
Parsing VHDL file "C:\Users\Alessandro\Documents\GitHub\MyDLX\DLX_plus_memories\SAT_Counter.vhd" into library work
Parsing entity <SAT_Counter_BTB>.
Parsing architecture <Structural> of entity <sat_counter_btb>.
Parsing VHDL file "C:\Users\Alessandro\Documents\GitHub\MyDLX\DLX_plus_memories\NRotateRegister.vhd" into library work
Parsing entity <NRotateRegister>.
Parsing architecture <Behavioral> of entity <nrotateregister>.
Parsing VHDL file "C:\Users\Alessandro\Documents\GitHub\MyDLX\DLX_plus_memories\NPriorityEncoder.vhd" into library work
Parsing entity <NPriorityEncoder>.
Parsing architecture <Behavioral> of entity <npriorityencoder>.
Parsing VHDL file "C:\Users\Alessandro\Documents\GitHub\MyDLX\DLX_plus_memories\Memory_Stage.vhd" into library work
Parsing entity <Memory_Stage>.
Parsing architecture <Structural> of entity <memory_stage>.
Parsing VHDL file "C:\Users\Alessandro\Documents\GitHub\MyDLX\DLX_plus_memories\Fetch.vhd" into library work
Parsing entity <Fetch>.
Parsing architecture <Structural> of entity <fetch>.
Parsing VHDL file "C:\Users\Alessandro\Documents\GitHub\MyDLX\DLX_plus_memories\FCU.vhd" into library work
Parsing entity <FCU>.
Parsing architecture <Behavioral> of entity <fcu>.
Parsing VHDL file "C:\Users\Alessandro\Documents\GitHub\MyDLX\DLX_plus_memories\Execute_Stage.vhd" into library work
Parsing entity <Execute_Stage>.
Parsing architecture <Structural> of entity <execute_stage>.
Parsing VHDL file "C:\Users\Alessandro\Documents\GitHub\MyDLX\DLX_plus_memories\Decode.vhd" into library work
Parsing entity <Decode>.
Parsing architecture <Structural> of entity <decode>.
Parsing VHDL file "C:\Users\Alessandro\Documents\GitHub\MyDLX\DLX_plus_memories\Datapath.vhd" into library work
Parsing entity <Datapath>.
Parsing architecture <Structural> of entity <datapath>.
Parsing VHDL file "C:\Users\Alessandro\Documents\GitHub\MyDLX\DLX_plus_memories\ControlUnit.vhd" into library work
Parsing entity <ControlUnit>.
Parsing architecture <Structural> of entity <controlunit>.
Parsing VHDL file "C:\Users\Alessandro\Documents\GitHub\MyDLX\DLX_plus_memories\BTB.vhd" into library work
Parsing entity <BTB>.
Parsing architecture <Structural> of entity <btb>.
Parsing VHDL file "C:\Users\Alessandro\Documents\GitHub\MyDLX\DLX_plus_memories\DRAM.vhd" into library work
Parsing entity <DRAM>.
Parsing architecture <Behavioral> of entity <dram>.
Parsing VHDL file "C:\Users\Alessandro\Documents\GitHub\MyDLX\DLX_plus_memories\DLX_Core.vhd" into library work
Parsing entity <DLX_Core>.
Parsing architecture <Structural> of entity <dlx_core>.
Parsing VHDL file "C:\Users\Alessandro\Documents\GitHub\MyDLX\DLX_plus_memories\a.c-IRAM.vhd" into library work
Parsing entity <IRAM>.
Parsing architecture <IRam_Bhe> of entity <iram>.
Parsing VHDL file "C:\Users\Alessandro\Documents\GitHub\MyDLX\DLX_plus_memories\DLX_plus_memories.vhd" into library work
Parsing entity <DLX_plus_memories>.
Parsing architecture <Behavioral> of entity <dlx_plus_memories>.

=========================================================================
*                            HDL Elaboration                            *
=========================================================================

Elaborating entity <DLX_plus_memories> (architecture <Behavioral>) from library <work>.

Elaborating entity <DLX_Core> (architecture <Structural>) with generics from library <work>.

Elaborating entity <Datapath> (architecture <Structural>) with generics from library <work>.
WARNING:HDLCompiler:871 - "C:\Users\Alessandro\Documents\GitHub\MyDLX\DLX_plus_memories\Datapath.vhd" Line 317: Using initial value "10000" for s_nbit_data_div_2 since it is never assigned

Elaborating entity <Fetch> (architecture <Structural>) with generics from library <work>.

Elaborating entity <NRegister> (architecture <Behavioral>) with generics from library <work>.

Elaborating entity <Mux_NBit_2x1> (architecture <Behavioral>) with generics from library <work>.

Elaborating entity <PropagateCarryLookahead> (architecture <Behavioral>) with generics from library <work>.

Elaborating entity <PG_network> (architecture <Behavioral>) with generics from library <work>.

Elaborating entity <GeneralGenerate> (architecture <Behavioral>) from library <work>.

Elaborating entity <PG_cell> (architecture <Behavioral>) from library <work>.

Elaborating entity <Carry_Network> (architecture <Behavioral>) with generics from library <work>.

Elaborating entity <Sum_Network> (architecture <Behavioral>) with generics from library <work>.

Elaborating entity <Reg1Bit> (architecture <Behavioral>) from library <work>.

Elaborating entity <Decode> (architecture <Structural>) with generics from library <work>.

Elaborating entity <Mux_NBit_2x1> (architecture <Behavioral>) with generics from library <work>.

Elaborating entity <NRegister> (architecture <Behavioral>) with generics from library <work>.

Elaborating entity <Register_File> (architecture <Structural>) with generics from library <work>.

Elaborating entity <Decoder> (architecture <Behavioral>) with generics from library <work>.

Elaborating entity <Enable_Interface> (architecture <Behavioral>) with generics from library <work>.

Elaborating entity <Sign_Extender> (architecture <Behavioral>) with generics from library <work>.

Elaborating entity <Mux_NBit_2x1> (architecture <Behavioral>) with generics from library <work>.

Elaborating entity <Mux_NBit_2x1> (architecture <Behavioral>) with generics from library <work>.

Elaborating entity <NComparatorWithEnable> (architecture <Behavioral>) with generics from library <work>.

Elaborating entity <ComparatorWithEnable> (architecture <Behavioral>) from library <work>.

Elaborating entity <Jmp_Branch_Manager> (architecture <Behavioral>) with generics from library <work>.

Elaborating entity <Execute_Stage> (architecture <Structural>) with generics from library <work>.

Elaborating entity <Enable_Interface> (architecture <Behavioral>) with generics from library <work>.

Elaborating entity <ALU> (architecture <Structural>) with generics from library <work>.

Elaborating entity <Barrel_Shifter> (architecture <Structural>) with generics from library <work>.

Elaborating entity <Mux_NBit_2x1> (architecture <Behavioral>) with generics from library <work>.

Elaborating entity <Mux_NBit_2x1> (architecture <Behavioral>) with generics from library <work>.
WARNING:HDLCompiler:1127 - "C:\Users\Alessandro\Documents\GitHub\MyDLX\DLX_plus_memories\Barrel_Shifter.vhd" Line 246: Assignment to s_sel_third ignored, since the identifier is never used

Elaborating entity <Mux_NBit_2x1> (architecture <Behavioral>) with generics from library <work>.

Elaborating entity <P4Adder> (architecture <Behavioral>) with generics from library <work>.

Elaborating entity <CarryGenerator> (architecture <Behavioral>) with generics from library <work>.

Elaborating entity <GeneralPropagate> (architecture <Behavioral>) from library <work>.

Elaborating entity <CarrySelect> (architecture <Structural>) with generics from library <work>.

Elaborating entity <CarrySelectBlock> (architecture <Structural>) with generics from library <work>.

Elaborating entity <RCA> (architecture <STRUCTURAL>) with generics from library <work>.

Elaborating entity <FA> (architecture <BEHAVIORAL>) from library <work>.

Elaborating entity <MUX21_GENERIC> (architecture <STRUCTURAL>) with generics from library <work>.

Elaborating entity <MUX21> (architecture <BEHAVIORAL>) from library <work>.

Elaborating entity <Logic_Unit> (architecture <Structural>) with generics from library <work>.

Elaborating entity <Comparison_Logic> (architecture <Structural>) with generics from library <work>.

Elaborating entity <Comparator> (architecture <Structural>) with generics from library <work>.

Elaborating entity <ORGate_NX1> (architecture <Behavioral>) with generics from library <work>.

Elaborating entity <Mux_1Bit_2X1> (architecture <Behavioral>) from library <work>.

Elaborating entity <Flag_Generator> (architecture <Structural>) with generics from library <work>.

Elaborating entity <NORGate_NX1> (architecture <Behavioral>) with generics from library <work>.

Elaborating entity <XNORGate_NX1> (architecture <Behavioral>) with generics from library <work>.

Elaborating entity <Multiplier> (architecture <Behavioral>) with generics from library <work>.

Elaborating entity <Memory_Stage> (architecture <Structural>) with generics from library <work>.

Elaborating entity <Data_Reducer> (architecture <Behavioral>) with generics from library <work>.
WARNING:HDLCompiler:871 - "C:\Users\Alessandro\Documents\GitHub\MyDLX\DLX_plus_memories\Data_Reducer.vhd" Line 54: Using initial value "000000000000000000000000" for s_zeros_byte since it is never assigned
WARNING:HDLCompiler:871 - "C:\Users\Alessandro\Documents\GitHub\MyDLX\DLX_plus_memories\Data_Reducer.vhd" Line 55: Using initial value "0000000000000000" for s_zeros_half since it is never assigned

Elaborating entity <WriteBack_Stage> (architecture <Structural>) with generics from library <work>.

Elaborating entity <Sign_Reducer> (architecture <Structural>) with generics from library <work>.

Elaborating entity <FCU> (architecture <Behavioral>) from library <work>.
WARNING:HDLCompiler:92 - "C:\Users\Alessandro\Documents\GitHub\MyDLX\DLX_plus_memories\FCU.vhd" Line 221: fcu_ex_mem_11_15 should be on the sensitivity list of the process
WARNING:HDLCompiler:92 - "C:\Users\Alessandro\Documents\GitHub\MyDLX\DLX_plus_memories\FCU.vhd" Line 222: fcu_ex_mem_11_15 should be on the sensitivity list of the process
WARNING:HDLCompiler:92 - "C:\Users\Alessandro\Documents\GitHub\MyDLX\DLX_plus_memories\FCU.vhd" Line 256: s_stall_ex should be on the sensitivity list of the process
WARNING:HDLCompiler:92 - "C:\Users\Alessandro\Documents\GitHub\MyDLX\DLX_plus_memories\FCU.vhd" Line 257: s_stall_de should be on the sensitivity list of the process
WARNING:HDLCompiler:92 - "C:\Users\Alessandro\Documents\GitHub\MyDLX\DLX_plus_memories\FCU.vhd" Line 296: s_stall_mem should be on the sensitivity list of the process
WARNING:HDLCompiler:92 - "C:\Users\Alessandro\Documents\GitHub\MyDLX\DLX_plus_memories\FCU.vhd" Line 314: s_stall_mem should be on the sensitivity list of the process
WARNING:HDLCompiler:1127 - "C:\Users\Alessandro\Documents\GitHub\MyDLX\DLX_plus_memories\FCU.vhd" Line 373: Assignment to s_mem_wb_is_store ignored, since the identifier is never used

Elaborating entity <ControlUnit> (architecture <Structural>) from library <work>.
WARNING:HDLCompiler:92 - "C:\Users\Alessandro\Documents\GitHub\MyDLX\DLX_plus_memories\ControlUnit.vhd" Line 109: cu_reset should be on the sensitivity list of the process
WARNING:HDLCompiler:1127 - "C:\Users\Alessandro\Documents\GitHub\MyDLX\DLX_plus_memories\ControlUnit.vhd" Line 300: Assignment to s_enable_regs ignored, since the identifier is never used

Elaborating entity <Mux_NBit_2x1> (architecture <Behavioral>) with generics from library <work>.

Elaborating entity <NRegister> (architecture <Behavioral>) with generics from library <work>.

Elaborating entity <NRegister> (architecture <Behavioral>) with generics from library <work>.

Elaborating entity <NRegister> (architecture <Behavioral>) with generics from library <work>.

Elaborating entity <NRegister> (architecture <Behavioral>) with generics from library <work>.
WARNING:HDLCompiler:634 - "C:\Users\Alessandro\Documents\GitHub\MyDLX\DLX_plus_memories\ControlUnit.vhd" Line 98: Net <s_cw_bubble[1]> does not have a driver.

Elaborating entity <BTB> (architecture <Structural>) with generics from library <work>.

Elaborating entity <NPriorityEncoder> (architecture <Behavioral>) with generics from library <work>.
WARNING:HDLCompiler:871 - "C:\Users\Alessandro\Documents\GitHub\MyDLX\DLX_plus_memories\NPriorityEncoder.vhd" Line 59: Using initial value "00000000000000000000000000000000" for s_zeros since it is never assigned
WARNING:HDLCompiler:92 - "C:\Users\Alessandro\Documents\GitHub\MyDLX\DLX_plus_memories\NPriorityEncoder.vhd" Line 68: s_zeros should be on the sensitivity list of the process

Elaborating entity <NRotateRegister> (architecture <Behavioral>) with generics from library <work>.

Elaborating entity <D_FF> (architecture <Behavioral>) from library <work>.

Elaborating entity <Mux_Bit> (architecture <Behavioral>) with generics from library <work>.
WARNING:HDLCompiler:634 - "C:\Users\Alessandro\Documents\GitHub\MyDLX\DLX_plus_memories\NRotateRegister.vhd" Line 86: Net <dataIN[30]> does not have a driver.

Elaborating entity <SAT_Counter_BTB> (architecture <Structural>) with generics from library <work>.

Elaborating entity <UD_COUNTER> (architecture <STR>) with generics from library <work>.

Elaborating entity <t_ff_rst0> (architecture <behavioral>) from library <work>.
WARNING:HDLCompiler:92 - "C:\Users\Alessandro\Documents\GitHub\MyDLX\DLX_plus_memories\t_ff.vhd" Line 23: tff_t should be on the sensitivity list of the process

Elaborating entity <t_ff_rst1> (architecture <Behavioral>) from library <work>.
WARNING:HDLCompiler:92 - "C:\Users\Alessandro\Documents\GitHub\MyDLX\DLX_plus_memories\t_ff_rst1.vhd" Line 42: tff_t should be on the sensitivity list of the process

Elaborating entity <CU_SatCounter> (architecture <Behavioral>) from library <work>.

Elaborating entity <ANDGate_NX1> (architecture <Behavioral>) with generics from library <work>.

Elaborating entity <NORGate_NX1> (architecture <Behavioral>) with generics from library <work>.

Elaborating entity <Mux_Bit> (architecture <Behavioral>) with generics from library <work>.

Elaborating entity <DRAM> (architecture <Behavioral>) with generics from library <work>.
WARNING:HDLCompiler:92 - "C:\Users\Alessandro\Documents\GitHub\MyDLX\DLX_plus_memories\DRAM.vhd" Line 59: dram_mem should be on the sensitivity list of the process

Elaborating entity <IRAM> (architecture <IRam_Bhe>) with generics from library <work>.
Non-constant loop found; will execute up to 5000 iterations
ERROR:HDLCompiler:1196 - "C:\Users\Alessandro\Documents\GitHub\MyDLX\DLX_plus_memories\a.c-IRAM.vhd" Line 50: Readline called past the end of file mem_fp
Netlist IRAM(1024,32)(IRam_Bhe) remains a blackbox, due to errors in its contents
--> 

Total memory usage is 651840 kilobytes

Number of errors   :    1 (   0 filtered)
Number of warnings :   20 (   0 filtered)
Number of infos    :    0 (   0 filtered)

