Release 14.7 - xst P.20131013 (nt)
Copyright (c) 1995-2013 Xilinx, Inc.  All rights reserved.
--> Parameter TMPDIR set to xst/projnav.tmp


Total REAL time to Xst completion: 0.00 secs
Total CPU time to Xst completion: 0.13 secs
 
--> Parameter xsthdpdir set to xst


Total REAL time to Xst completion: 0.00 secs
Total CPU time to Xst completion: 0.13 secs
 
--> Reading design: Execute_Stage.prj

TABLE OF CONTENTS
  1) Synthesis Options Summary
  2) HDL Parsing
  3) HDL Elaboration
  4) HDL Synthesis
       4.1) HDL Synthesis Report
  5) Advanced HDL Synthesis
       5.1) Advanced HDL Synthesis Report
  6) Low Level Synthesis
  7) Partition Report
  8) Design Summary
       8.1) Primitive and Black Box Usage
       8.2) Device utilization summary
       8.3) Partition Resource Summary
       8.4) Timing Report
            8.4.1) Clock Information
            8.4.2) Asynchronous Control Signals Information
            8.4.3) Timing Summary
            8.4.4) Timing Details
            8.4.5) Cross Clock Domains Report


=========================================================================
*                      Synthesis Options Summary                        *
=========================================================================
---- Source Parameters
Input File Name                    : "Execute_Stage.prj"
Ignore Synthesis Constraint File   : NO

---- Target Parameters
Output File Name                   : "Execute_Stage"
Output Format                      : NGC
Target Device                      : xc7a100t-3-csg324

---- Source Options
Top Module Name                    : Execute_Stage
Automatic FSM Extraction           : YES
FSM Encoding Algorithm             : Auto
Safe Implementation                : No
FSM Style                          : LUT
RAM Extraction                     : Yes
RAM Style                          : Auto
ROM Extraction                     : Yes
Shift Register Extraction          : YES
ROM Style                          : Auto
Resource Sharing                   : YES
Asynchronous To Synchronous        : NO
Shift Register Minimum Size        : 2
Use DSP Block                      : Auto
Automatic Register Balancing       : No

---- Target Options
LUT Combining                      : Auto
Reduce Control Sets                : Auto
Add IO Buffers                     : YES
Global Maximum Fanout              : 100000
Add Generic Clock Buffer(BUFG)     : 32
Register Duplication               : YES
Optimize Instantiated Primitives   : NO
Use Clock Enable                   : Auto
Use Synchronous Set                : Auto
Use Synchronous Reset              : Auto
Pack IO Registers into IOBs        : Auto
Equivalent register Removal        : YES

---- General Options
Optimization Goal                  : Speed
Optimization Effort                : 1
Power Reduction                    : NO
Keep Hierarchy                     : No
Netlist Hierarchy                  : As_Optimized
RTL Output                         : Yes
Global Optimization                : AllClockNets
Read Cores                         : YES
Write Timing Constraints           : NO
Cross Clock Analysis               : NO
Hierarchy Separator                : /
Bus Delimiter                      : <>
Case Specifier                     : Maintain
Slice Utilization Ratio            : 100
BRAM Utilization Ratio             : 100
DSP48 Utilization Ratio            : 100
Auto BRAM Packing                  : NO
Slice Utilization Ratio Delta      : 5

=========================================================================


=========================================================================
*                          HDL Parsing                                  *
=========================================================================
Parsing VHDL file "C:\Users\Alessandro\Documents\GitHub\MyDLX\DLX_plus_memories\mux21.vhd" into library work
Parsing entity <MUX21>.
Parsing architecture <BEHAVIORAL> of entity <mux21>.
Parsing configuration <CFG_MUX21_BEHAVIORAL>.
Parsing VHDL file "C:\Users\Alessandro\Documents\GitHub\MyDLX\DLX_plus_memories\fa.vhd" into library work
Parsing entity <FA>.
Parsing architecture <BEHAVIORAL> of entity <fa>.
Parsing configuration <CFG_FA_BEHAVIORAL>.
Parsing VHDL file "C:\Users\Alessandro\Documents\GitHub\MyDLX\DLX_plus_memories\rca.vhd" into library work
Parsing entity <RCA>.
Parsing architecture <STRUCTURAL> of entity <rca>.
Parsing configuration <CFG_RCA_STRUCTURAL>.
Parsing VHDL file "C:\Users\Alessandro\Documents\GitHub\MyDLX\DLX_plus_memories\PG_cell.vhd" into library work
Parsing entity <PG_cell>.
Parsing architecture <Behavioral> of entity <pg_cell>.
Parsing VHDL file "C:\Users\Alessandro\Documents\GitHub\MyDLX\DLX_plus_memories\mux_generic.vhd" into library work
Parsing entity <MUX21_GENERIC>.
Parsing architecture <STRUCTURAL> of entity <mux21_generic>.
Parsing configuration <CFG_MUX21_GEN_STRUCTURAL>.
Parsing VHDL file "C:\Users\Alessandro\Documents\GitHub\MyDLX\DLX_plus_memories\constants.vhd" into library work
Parsing package <CONSTANTS>.
Parsing package body <CONSTANTS>.
Parsing VHDL file "C:\Users\Alessandro\Documents\GitHub\MyDLX\DLX_plus_memories\PG_network.vhd" into library work
Parsing entity <PG_network>.
Parsing architecture <Behavioral> of entity <pg_network>.
Parsing VHDL file "C:\Users\Alessandro\Documents\GitHub\MyDLX\DLX_plus_memories\ORGate_NX1.vhd" into library work
Parsing entity <ORGate_NX1>.
Parsing architecture <Behavioral> of entity <orgate_nx1>.
Parsing VHDL file "C:\Users\Alessandro\Documents\GitHub\MyDLX\DLX_plus_memories\Mux_1Bit_2X1.vhd" into library work
Parsing entity <Mux_1Bit_2X1>.
Parsing architecture <Behavioral> of entity <mux_1bit_2x1>.
Parsing VHDL file "C:\Users\Alessandro\Documents\GitHub\MyDLX\DLX_plus_memories\GeneralPropagate.vhd" into library work
Parsing entity <GeneralPropagate>.
Parsing architecture <Behavioral> of entity <generalpropagate>.
Parsing VHDL file "C:\Users\Alessandro\Documents\GitHub\MyDLX\DLX_plus_memories\GeneralGenerate.vhd" into library work
Parsing entity <GeneralGenerate>.
Parsing architecture <Behavioral> of entity <generalgenerate>.
Parsing VHDL file "C:\Users\Alessandro\Documents\GitHub\MyDLX\DLX_plus_memories\CarrySelectBlock.vhd" into library work
Parsing entity <CarrySelectBlock>.
Parsing architecture <Structural> of entity <carryselectblock>.
Parsing VHDL file "C:\Users\Alessandro\Documents\GitHub\MyDLX\DLX_plus_memories\XNORGate_NX1.vhd" into library work
Parsing entity <XNORGate_NX1>.
Parsing architecture <Behavioral> of entity <xnorgate_nx1>.
Parsing VHDL file "C:\Users\Alessandro\Documents\GitHub\MyDLX\DLX_plus_memories\NORGate_NX1.vhd" into library work
Parsing entity <NORGate_NX1>.
Parsing architecture <Behavioral> of entity <norgate_nx1>.
Parsing VHDL file "C:\Users\Alessandro\Documents\GitHub\MyDLX\DLX_plus_memories\Mux_NBit_2x1.vhd" into library work
Parsing entity <Mux_NBit_2x1>.
Parsing architecture <Behavioral> of entity <mux_nbit_2x1>.
Parsing VHDL file "C:\Users\Alessandro\Documents\GitHub\MyDLX\DLX_plus_memories\Comparator.vhd" into library work
Parsing entity <Comparator>.
Parsing architecture <Structural> of entity <comparator>.
Parsing VHDL file "C:\Users\Alessandro\Documents\GitHub\MyDLX\DLX_plus_memories\CarrySelect.vhd" into library work
Parsing entity <CarrySelect>.
Parsing architecture <Structural> of entity <carryselect>.
Parsing VHDL file "C:\Users\Alessandro\Documents\GitHub\MyDLX\DLX_plus_memories\CarryGenerator.vhd" into library work
Parsing entity <CarryGenerator>.
Parsing architecture <Behavioral> of entity <carrygenerator>.
Parsing VHDL file "C:\Users\Alessandro\Documents\GitHub\MyDLX\DLX_plus_memories\P4Adder.vhd" into library work
Parsing entity <P4Adder>.
Parsing architecture <Behavioral> of entity <p4adder>.
Parsing VHDL file "C:\Users\Alessandro\Documents\GitHub\MyDLX\DLX_plus_memories\Logic_Unit.vhd" into library work
Parsing entity <Logic_Unit>.
Parsing architecture <Structural> of entity <logic_unit>.
Parsing VHDL file "C:\Users\Alessandro\Documents\GitHub\MyDLX\DLX_plus_memories\Flag_Generator.vhd" into library work
Parsing entity <Flag_Generator>.
Parsing architecture <Structural> of entity <flag_generator>.
Parsing VHDL file "C:\Users\Alessandro\Documents\GitHub\MyDLX\DLX_plus_memories\Comparison_Logic.vhd" into library work
Parsing entity <Comparison_Logic>.
Parsing architecture <Structural> of entity <comparison_logic>.
Parsing VHDL file "C:\Users\Alessandro\Documents\GitHub\MyDLX\DLX_plus_memories\Barrel_Shifter.vhd" into library work
Parsing entity <Barrel_Shifter>.
Parsing architecture <Structural> of entity <barrel_shifter>.
Parsing VHDL file "C:\Users\Alessandro\Documents\GitHub\MyDLX\DLX_plus_memories\NRegister.vhd" into library work
Parsing entity <NRegister>.
Parsing architecture <Behavioral> of entity <nregister>.
Parsing VHDL file "C:\Users\Alessandro\Documents\GitHub\MyDLX\DLX_plus_memories\Multiplier.vhd" into library work
Parsing entity <Multiplier>.
Parsing architecture <Behavioral> of entity <multiplier>.
Parsing VHDL file "C:\Users\Alessandro\Documents\GitHub\MyDLX\DLX_plus_memories\Enable_Interface.vhd" into library work
Parsing entity <Enable_Interface>.
Parsing architecture <Behavioral> of entity <enable_interface>.
Parsing VHDL file "C:\Users\Alessandro\Documents\GitHub\MyDLX\DLX_plus_memories\ALU.vhd" into library work
Parsing entity <ALU>.
Parsing architecture <Structural> of entity <alu>.
Parsing VHDL file "C:\Users\Alessandro\Documents\GitHub\MyDLX\DLX_plus_memories\Execute_Stage.vhd" into library work
Parsing entity <Execute_Stage>.
Parsing architecture <Structural> of entity <execute_stage>.

=========================================================================
*                            HDL Elaboration                            *
=========================================================================

Elaborating entity <Execute_Stage> (architecture <Structural>) with generics from library <work>.

Elaborating entity <Enable_Interface> (architecture <Behavioral>) with generics from library <work>.

Elaborating entity <ALU> (architecture <Structural>) with generics from library <work>.

Elaborating entity <Barrel_Shifter> (architecture <Structural>) with generics from library <work>.

Elaborating entity <Mux_NBit_2x1> (architecture <Behavioral>) with generics from library <work>.

Elaborating entity <Mux_NBit_2x1> (architecture <Behavioral>) with generics from library <work>.
WARNING:HDLCompiler:1127 - "C:\Users\Alessandro\Documents\GitHub\MyDLX\DLX_plus_memories\Barrel_Shifter.vhd" Line 246: Assignment to s_sel_third ignored, since the identifier is never used

Elaborating entity <Mux_NBit_2x1> (architecture <Behavioral>) with generics from library <work>.

Elaborating entity <Mux_NBit_2x1> (architecture <Behavioral>) with generics from library <work>.

Elaborating entity <P4Adder> (architecture <Behavioral>) with generics from library <work>.

Elaborating entity <CarryGenerator> (architecture <Behavioral>) with generics from library <work>.

Elaborating entity <PG_network> (architecture <Behavioral>) with generics from library <work>.
WARNING:HDLCompiler:1127 - "C:\Users\Alessandro\Documents\GitHub\MyDLX\DLX_plus_memories\PG_network.vhd" Line 61: Assignment to tmp1 ignored, since the identifier is never used
WARNING:HDLCompiler:1127 - "C:\Users\Alessandro\Documents\GitHub\MyDLX\DLX_plus_memories\PG_network.vhd" Line 62: Assignment to tmp2 ignored, since the identifier is never used

Elaborating entity <PG_cell> (architecture <Behavioral>) from library <work>.

Elaborating entity <GeneralGenerate> (architecture <Behavioral>) from library <work>.

Elaborating entity <GeneralPropagate> (architecture <Behavioral>) from library <work>.

Elaborating entity <CarrySelect> (architecture <Structural>) with generics from library <work>.

Elaborating entity <CarrySelectBlock> (architecture <Structural>) with generics from library <work>.

Elaborating entity <RCA> (architecture <STRUCTURAL>) with generics from library <work>.

Elaborating entity <FA> (architecture <BEHAVIORAL>) from library <work>.

Elaborating entity <MUX21_GENERIC> (architecture <STRUCTURAL>) with generics from library <work>.

Elaborating entity <MUX21> (architecture <BEHAVIORAL>) from library <work>.

Elaborating entity <Logic_Unit> (architecture <Structural>) with generics from library <work>.

Elaborating entity <Comparison_Logic> (architecture <Structural>) with generics from library <work>.

Elaborating entity <Comparator> (architecture <Structural>) with generics from library <work>.

Elaborating entity <ORGate_NX1> (architecture <Behavioral>) with generics from library <work>.

Elaborating entity <Mux_1Bit_2X1> (architecture <Behavioral>) from library <work>.

Elaborating entity <Flag_Generator> (architecture <Structural>) with generics from library <work>.

Elaborating entity <NORGate_NX1> (architecture <Behavioral>) with generics from library <work>.

Elaborating entity <XNORGate_NX1> (architecture <Behavioral>) with generics from library <work>.

Elaborating entity <Multiplier> (architecture <Behavioral>) with generics from library <work>.

Elaborating entity <NRegister> (architecture <Behavioral>) with generics from library <work>.

Elaborating entity <NRegister> (architecture <Behavioral>) with generics from library <work>.
WARNING:HDLCompiler:634 - "C:\Users\Alessandro\Documents\GitHub\MyDLX\DLX_plus_memories\Execute_Stage.vhd" Line 144: Net <s_product_Flo_Tmux2[31]> does not have a driver.
WARNING:HDLCompiler:634 - "C:\Users\Alessandro\Documents\GitHub\MyDLX\DLX_plus_memories\Execute_Stage.vhd" Line 145: Net <s_product_Fhi_Tmux2[31]> does not have a driver.
WARNING:Xst:2972 - "C:\Users\Alessandro\Documents\GitHub\MyDLX\DLX_plus_memories\Execute_Stage.vhd" line 168. All outputs of instance <EI_OpA_Mul> of block <Enable_Interface> are unconnected in block <Execute_Stage>. Underlying logic will be removed.
WARNING:Xst:2972 - "C:\Users\Alessandro\Documents\GitHub\MyDLX\DLX_plus_memories\Execute_Stage.vhd" line 173. All outputs of instance <EI_OpB_Mul> of block <Enable_Interface> are unconnected in block <Execute_Stage>. Underlying logic will be removed.
WARNING:Xst:2972 - "C:\Users\Alessandro\Documents\GitHub\MyDLX\DLX_plus_memories\Execute_Stage.vhd" line 194. All outputs of instance <MUL> of block <Multiplier> are unconnected in block <Execute_Stage>. Underlying logic will be removed.
WARNING:Xst:2972 - "C:\Users\Alessandro\Documents\GitHub\MyDLX\DLX_plus_memories\Execute_Stage.vhd" line 212. All outputs of instance <LO> of block <NRegister> are unconnected in block <Execute_Stage>. Underlying logic will be removed.
WARNING:Xst:2972 - "C:\Users\Alessandro\Documents\GitHub\MyDLX\DLX_plus_memories\Execute_Stage.vhd" line 230. All outputs of instance <HI> of block <NRegister> are unconnected in block <Execute_Stage>. Underlying logic will be removed.

=========================================================================
*                           HDL Synthesis                               *
=========================================================================

Synthesizing Unit <Execute_Stage>.
    Related source file is "C:\Users\Alessandro\Documents\GitHub\MyDLX\DLX_plus_memories\Execute_Stage.vhd".
        NBIT_DATA = 32
        NBIT_BS_AMOUNT = 5
INFO:Xst:3210 - "C:\Users\Alessandro\Documents\GitHub\MyDLX\DLX_plus_memories\Execute_Stage.vhd" line 212: Output port <data_out> of the instance <LO> is unconnected or connected to loadless signal.
INFO:Xst:3210 - "C:\Users\Alessandro\Documents\GitHub\MyDLX\DLX_plus_memories\Execute_Stage.vhd" line 230: Output port <data_out> of the instance <HI> is unconnected or connected to loadless signal.
WARNING:Xst:653 - Signal <s_product_Flo_Tmux2> is used but never assigned. This sourceless signal will be automatically connected to value GND.
WARNING:Xst:653 - Signal <s_product_Fhi_Tmux2> is used but never assigned. This sourceless signal will be automatically connected to value GND.
    Summary:
	no macro.
Unit <Execute_Stage> synthesized.

Synthesizing Unit <Enable_Interface>.
    Related source file is "C:\Users\Alessandro\Documents\GitHub\MyDLX\DLX_plus_memories\Enable_Interface.vhd".
        NBIT_DATA = 32
    Summary:
	no macro.
Unit <Enable_Interface> synthesized.

Synthesizing Unit <ALU>.
    Related source file is "C:\Users\Alessandro\Documents\GitHub\MyDLX\DLX_plus_memories\ALU.vhd".
        NBIT_ALU = 32
        NBIT_BS_AMOUNT = 5
    Summary:
	no macro.
Unit <ALU> synthesized.

Synthesizing Unit <Barrel_Shifter>.
    Related source file is "C:\Users\Alessandro\Documents\GitHub\MyDLX\DLX_plus_memories\Barrel_Shifter.vhd".
        NBIT_AMOUNT = 5
    Summary:
	no macro.
Unit <Barrel_Shifter> synthesized.

Synthesizing Unit <Mux_NBit_2x1_1>.
    Related source file is "C:\Users\Alessandro\Documents\GitHub\MyDLX\DLX_plus_memories\Mux_NBit_2x1.vhd".
        NBIT_IN = 8
    Summary:
	inferred   1 Multiplexer(s).
Unit <Mux_NBit_2x1_1> synthesized.

Synthesizing Unit <Mux_NBit_2x1_2>.
    Related source file is "C:\Users\Alessandro\Documents\GitHub\MyDLX\DLX_plus_memories\Mux_NBit_2x1.vhd".
        NBIT_IN = 40
    Summary:
	inferred   1 Multiplexer(s).
Unit <Mux_NBit_2x1_2> synthesized.

Synthesizing Unit <Mux_NBit_2x1_3>.
    Related source file is "C:\Users\Alessandro\Documents\GitHub\MyDLX\DLX_plus_memories\Mux_NBit_2x1.vhd".
        NBIT_IN = 3
    Summary:
	inferred   1 Multiplexer(s).
Unit <Mux_NBit_2x1_3> synthesized.

Synthesizing Unit <Mux_NBit_2x1_4>.
    Related source file is "C:\Users\Alessandro\Documents\GitHub\MyDLX\DLX_plus_memories\Mux_NBit_2x1.vhd".
        NBIT_IN = 32
    Summary:
	inferred   1 Multiplexer(s).
Unit <Mux_NBit_2x1_4> synthesized.

Synthesizing Unit <P4Adder>.
    Related source file is "C:\Users\Alessandro\Documents\GitHub\MyDLX\DLX_plus_memories\P4Adder.vhd".
        N = 32
    Summary:
	no macro.
Unit <P4Adder> synthesized.

Synthesizing Unit <CarryGenerator>.
    Related source file is "C:\Users\Alessandro\Documents\GitHub\MyDLX\DLX_plus_memories\CarryGenerator.vhd".
        N = 32
        K = 8
    Summary:
	no macro.
Unit <CarryGenerator> synthesized.

Synthesizing Unit <PG_network>.
    Related source file is "C:\Users\Alessandro\Documents\GitHub\MyDLX\DLX_plus_memories\PG_network.vhd".
        N = 32
WARNING:Xst:647 - Input <c_in> is never used. This port will be preserved and left unconnected if it belongs to a top-level block or it belongs to a sub-block and the hierarchy of this sub-block is preserved.
    Summary:
	no macro.
Unit <PG_network> synthesized.

Synthesizing Unit <PG_cell>.
    Related source file is "C:\Users\Alessandro\Documents\GitHub\MyDLX\DLX_plus_memories\PG_cell.vhd".
    Summary:
Unit <PG_cell> synthesized.

Synthesizing Unit <GeneralGenerate>.
    Related source file is "C:\Users\Alessandro\Documents\GitHub\MyDLX\DLX_plus_memories\GeneralGenerate.vhd".
    Summary:
	no macro.
Unit <GeneralGenerate> synthesized.

Synthesizing Unit <GeneralPropagate>.
    Related source file is "C:\Users\Alessandro\Documents\GitHub\MyDLX\DLX_plus_memories\GeneralPropagate.vhd".
    Summary:
	no macro.
Unit <GeneralPropagate> synthesized.

Synthesizing Unit <CarrySelect>.
    Related source file is "C:\Users\Alessandro\Documents\GitHub\MyDLX\DLX_plus_memories\CarrySelect.vhd".
        N = 32
        K = 4
    Summary:
	no macro.
Unit <CarrySelect> synthesized.

Synthesizing Unit <CarrySelectBlock>.
    Related source file is "C:\Users\Alessandro\Documents\GitHub\MyDLX\DLX_plus_memories\CarrySelectBlock.vhd".
        N = 4
INFO:Xst:3210 - "C:\Users\Alessandro\Documents\GitHub\MyDLX\DLX_plus_memories\CarrySelectBlock.vhd" line 41: Output port <Co> of the instance <rca1> is unconnected or connected to loadless signal.
INFO:Xst:3210 - "C:\Users\Alessandro\Documents\GitHub\MyDLX\DLX_plus_memories\CarrySelectBlock.vhd" line 50: Output port <Co> of the instance <rca2> is unconnected or connected to loadless signal.
    Summary:
	no macro.
Unit <CarrySelectBlock> synthesized.

Synthesizing Unit <RCA>.
    Related source file is "C:\Users\Alessandro\Documents\GitHub\MyDLX\DLX_plus_memories\rca.vhd".
        N = 4
    Summary:
	no macro.
Unit <RCA> synthesized.

Synthesizing Unit <FA>.
    Related source file is "C:\Users\Alessandro\Documents\GitHub\MyDLX\DLX_plus_memories\fa.vhd".
    Summary:
Unit <FA> synthesized.

Synthesizing Unit <MUX21_GENERIC>.
    Related source file is "C:\Users\Alessandro\Documents\GitHub\MyDLX\DLX_plus_memories\mux_generic.vhd".
        N = 4
    Summary:
	no macro.
Unit <MUX21_GENERIC> synthesized.

Synthesizing Unit <MUX21>.
    Related source file is "C:\Users\Alessandro\Documents\GitHub\MyDLX\DLX_plus_memories\mux21.vhd".
    Summary:
	inferred   1 Multiplexer(s).
Unit <MUX21> synthesized.

Synthesizing Unit <Logic_Unit>.
    Related source file is "C:\Users\Alessandro\Documents\GitHub\MyDLX\DLX_plus_memories\Logic_Unit.vhd".
        NBIT_DATA = 32
    Summary:
	no macro.
Unit <Logic_Unit> synthesized.

Synthesizing Unit <Comparison_Logic>.
    Related source file is "C:\Users\Alessandro\Documents\GitHub\MyDLX\DLX_plus_memories\Comparison_Logic.vhd".
        NBIT_DATA = 32
    Found 1-bit 7-to-1 multiplexer for signal <s_out> created at line 103.
    Summary:
	inferred   1 Multiplexer(s).
Unit <Comparison_Logic> synthesized.

Synthesizing Unit <Comparator>.
    Related source file is "C:\Users\Alessandro\Documents\GitHub\MyDLX\DLX_plus_memories\Comparator.vhd".
        NBIT_DATA = 32
    Summary:
Unit <Comparator> synthesized.

Synthesizing Unit <ORGate_NX1>.
    Related source file is "C:\Users\Alessandro\Documents\GitHub\MyDLX\DLX_plus_memories\ORGate_NX1.vhd".
        N = 32
    Summary:
	no macro.
Unit <ORGate_NX1> synthesized.

Synthesizing Unit <Mux_1Bit_2X1>.
    Related source file is "C:\Users\Alessandro\Documents\GitHub\MyDLX\DLX_plus_memories\Mux_1Bit_2X1.vhd".
    Summary:
	inferred   1 Multiplexer(s).
Unit <Mux_1Bit_2X1> synthesized.

Synthesizing Unit <Flag_Generator>.
    Related source file is "C:\Users\Alessandro\Documents\GitHub\MyDLX\DLX_plus_memories\Flag_Generator.vhd".
        NBIT_ALU = 32
    Summary:
	no macro.
Unit <Flag_Generator> synthesized.

Synthesizing Unit <NORGate_NX1>.
    Related source file is "C:\Users\Alessandro\Documents\GitHub\MyDLX\DLX_plus_memories\NORGate_NX1.vhd".
        N = 32
    Summary:
	no macro.
Unit <NORGate_NX1> synthesized.

Synthesizing Unit <XNORGate_NX1>.
    Related source file is "C:\Users\Alessandro\Documents\GitHub\MyDLX\DLX_plus_memories\XNORGate_NX1.vhd".
        N = 32
    Summary:
Unit <XNORGate_NX1> synthesized.

Synthesizing Unit <NRegister_1>.
    Related source file is "C:\Users\Alessandro\Documents\GitHub\MyDLX\DLX_plus_memories\NRegister.vhd".
        N = 32
    Found 32-bit register for signal <data_out>.
    Summary:
	inferred  32 D-type flip-flop(s).
Unit <NRegister_1> synthesized.

Synthesizing Unit <NRegister_2>.
    Related source file is "C:\Users\Alessandro\Documents\GitHub\MyDLX\DLX_plus_memories\NRegister.vhd".
        N = 5
    Found 5-bit register for signal <data_out>.
    Summary:
	inferred   5 D-type flip-flop(s).
Unit <NRegister_2> synthesized.

=========================================================================
HDL Synthesis Report

Macro Statistics
# Registers                                            : 2
 32-bit register                                       : 1
 5-bit register                                        : 1
# Multiplexers                                         : 75
 1-bit 2-to-1 multiplexer                              : 34
 1-bit 7-to-1 multiplexer                              : 1
 3-bit 2-to-1 multiplexer                              : 1
 32-bit 2-to-1 multiplexer                             : 14
 40-bit 2-to-1 multiplexer                             : 4
 8-bit 2-to-1 multiplexer                              : 21
# Xors                                                 : 193
 1-bit xor2                                            : 192
 1-bit xor32                                           : 1

=========================================================================

=========================================================================
*                       Advanced HDL Synthesis                          *
=========================================================================


=========================================================================
Advanced HDL Synthesis Report

Macro Statistics
# Registers                                            : 37
 Flip-Flops                                            : 37
# Multiplexers                                         : 75
 1-bit 2-to-1 multiplexer                              : 34
 1-bit 7-to-1 multiplexer                              : 1
 3-bit 2-to-1 multiplexer                              : 1
 32-bit 2-to-1 multiplexer                             : 14
 40-bit 2-to-1 multiplexer                             : 4
 8-bit 2-to-1 multiplexer                              : 21
# Xors                                                 : 193
 1-bit xor2                                            : 192
 1-bit xor32                                           : 1

=========================================================================

=========================================================================
*                         Low Level Synthesis                           *
=========================================================================
WARNING:Xst:1989 - Unit <Barrel_Shifter>: instances <musk_cyc[2].mux_cyc[3].L1.CASE3.MUX3>, <musk_cyc[3].mux_cyc[4].L1.CASE3.MUX3> of unit <Mux_NBit_2x1_1> are equivalent, second instance is removed
WARNING:Xst:1989 - Unit <Barrel_Shifter>: instances <musk_cyc[1].mux_cyc[3].L1.CASE3.MUX3>, <musk_cyc[2].mux_cyc[4].L1.CASE3.MUX3> of unit <Mux_NBit_2x1_1> are equivalent, second instance is removed
WARNING:Xst:1989 - Unit <Barrel_Shifter>: instances <musk_cyc[1].mux_cyc[1].L1.CASE2.MUX2>, <musk_cyc[2].mux_cyc[0].L1.CASE2.MUX2> of unit <Mux_NBit_2x1_1> are equivalent, second instance is removed
WARNING:Xst:1989 - Unit <Barrel_Shifter>: instances <musk_cyc[2].mux_cyc[1].L1.CASE2.MUX2>, <musk_cyc[3].mux_cyc[0].L1.CASE2.MUX2> of unit <Mux_NBit_2x1_1> are equivalent, second instance is removed
WARNING:Xst:1989 - Unit <Barrel_Shifter>: instances <musk_cyc[2].mux_cyc[2].CASE4.MUX4>, <musk_cyc[3].mux_cyc[1].CASE4.MUX4> of unit <Mux_NBit_2x1_1> are equivalent, second instance is removed
WARNING:Xst:1989 - Unit <Barrel_Shifter>: instances <musk_cyc[2].mux_cyc[2].CASE4.MUX4>, <musk_cyc[3].mux_cyc[2].CASE4.MUX4> of unit <Mux_NBit_2x1_1> are equivalent, second instance is removed
WARNING:Xst:1989 - Unit <Barrel_Shifter>: instances <musk_cyc[2].mux_cyc[2].CASE4.MUX4>, <musk_cyc[3].mux_cyc[3].CASE4.MUX4> of unit <Mux_NBit_2x1_1> are equivalent, second instance is removed

Optimizing unit <NRegister_1> ...

Optimizing unit <Execute_Stage> ...

Optimizing unit <ALU> ...

Optimizing unit <Barrel_Shifter> ...

Optimizing unit <Comparator> ...

Optimizing unit <CarryGenerator> ...

Optimizing unit <CarrySelect> ...

Mapping all equations...
Building and optimizing final netlist ...
Found area constraint ratio of 100 (+ 5) on block Execute_Stage, actual ratio is 1.

Final Macro Processing ...

=========================================================================
Final Register Report

Macro Statistics
# Registers                                            : 37
 Flip-Flops                                            : 37

=========================================================================

=========================================================================
*                           Partition Report                            *
=========================================================================

Partition Implementation Status
-------------------------------

  No Partitions were found in this design.

-------------------------------

=========================================================================
*                            Design Summary                             *
=========================================================================

Top Level Output File Name         : Execute_Stage.ngc

Primitive and Black Box Usage:
------------------------------
# BELS                             : 518
#      LUT2                        : 1
#      LUT3                        : 65
#      LUT4                        : 95
#      LUT5                        : 121
#      LUT6                        : 232
#      MUXF7                       : 4
# FlipFlops/Latches                : 37
#      FDCE                        : 37
# Clock Buffers                    : 1
#      BUFGP                       : 1
# IO Buffers                       : 116
#      IBUF                        : 79
#      OBUF                        : 37

Device utilization summary:
---------------------------

Selected Device : 7a100tcsg324-3 


Slice Logic Utilization: 
 Number of Slice Registers:              32  out of  126800     0%  
 Number of Slice LUTs:                  514  out of  63400     0%  
    Number used as Logic:               514  out of  63400     0%  

Slice Logic Distribution: 
 Number of LUT Flip Flop pairs used:    514
   Number with an unused Flip Flop:     482  out of    514    93%  
   Number with an unused LUT:             0  out of    514     0%  
   Number of fully used LUT-FF pairs:    32  out of    514     6%  
   Number of unique control sets:         1

IO Utilization: 
 Number of IOs:                         117
 Number of bonded IOBs:                 117  out of    210    55%  
    IOB Flip Flops/Latches:               5

Specific Feature Utilization:
 Number of BUFG/BUFGCTRLs:                1  out of     32     3%  

---------------------------
Partition Resource Summary:
---------------------------

  No Partitions were found in this design.

---------------------------


=========================================================================
Timing Report

NOTE: THESE TIMING NUMBERS ARE ONLY A SYNTHESIS ESTIMATE.
      FOR ACCURATE TIMING INFORMATION PLEASE REFER TO THE TRACE REPORT
      GENERATED AFTER PLACE-and-ROUTE.

Clock Information:
------------------
-----------------------------------+------------------------+-------+
Clock Signal                       | Clock buffer(FF name)  | Load  |
-----------------------------------+------------------------+-------+
EX_clk                             | BUFGP                  | 37    |
-----------------------------------+------------------------+-------+

Asynchronous Control Signals Information:
----------------------------------------
No asynchronous control signals found in this design

Timing Summary:
---------------
Speed Grade: -3

   Minimum period: No path found
   Minimum input arrival time before clock: 17.850ns
   Maximum output required time after clock: 1.033ns
   Maximum combinational path delay: 0.995ns

Timing Details:
---------------
All values displayed in nanoseconds (ns)

=========================================================================
Timing constraint: Default OFFSET IN BEFORE for Clock 'EX_clk'
  Total number of paths / destination ports: 3974732 / 111
-------------------------------------------------------------------------
Offset:              17.850ns (Levels of Logic = 26)
  Source:            EX_enable (PAD)
  Destination:       PSW/data_out_1 (FF)
  Destination Clock: EX_clk rising

  Data Path: EX_enable to PSW/data_out_1
                                Gate     Net
    Cell:in->out      fanout   Delay   Delay  Logical Name (Net Name)
    ----------------------------------------  ------------
     IBUF:I->O            85   0.001   0.626  EX_enable_IBUF (EX_enable_IBUF)
     LUT4:I1->O            3   0.097   0.693  EI_OpA_Alu/EI_dataout<17>1 (s_OpA_Fei_Talu<17>)
     LUT6:I1->O            1   0.097   0.693  ALU_NBIT/BS/MUX3x1/sel_INV_7_o17_SW0 (N24)
     LUT6:I0->O            5   0.097   0.575  ALU_NBIT/BS/MUX3x1/sel_INV_7_o17 (ALU_NBIT/BS/MUX3x1/sel_INV_7_o_mmx_out24)
     LUT6:I2->O            1   0.097   0.000  ALU_NBIT/BS/depth2[2].width2[0].mod_if2.MUX2/Mmux_portY253_G (N67)
     MUXF7:I1->O           7   0.279   0.711  ALU_NBIT/BS/depth2[2].width2[0].mod_if2.MUX2/Mmux_portY253 (ALU_NBIT/s_from_BS_to_units_opA<30>)
     LUT5:I0->O            2   0.097   0.698  ALU_NBIT/CMPL/CMP/Mxor_s_neq_eq<30>_xo<0>21 (ALU_NBIT/CMPL/CMP/Mxor_s_neq_eq<30>_xo<0>2)
     LUT6:I0->O            5   0.097   0.702  ALU_NBIT/CMPL/CMP/s_enable_next_step<28>3 (ALU_NBIT/CMPL/CMP/s_enable_next_step<28>)
     LUT6:I1->O            3   0.097   0.693  ALU_NBIT/CMPL/CMP/s_en_opa<24>11 (ALU_NBIT/CMPL/CMP/s_en_opa<24>1)
     LUT5:I0->O            5   0.097   0.702  ALU_NBIT/CMPL/CMP/s_enable_next_step<24>1 (ALU_NBIT/CMPL/CMP/s_enable_next_step<24>)
     LUT6:I1->O            3   0.097   0.693  ALU_NBIT/CMPL/CMP/s_en_opa<20>11 (ALU_NBIT/CMPL/CMP/s_en_opa<20>1)
     LUT5:I0->O            5   0.097   0.702  ALU_NBIT/CMPL/CMP/s_enable_next_step<20>1 (ALU_NBIT/CMPL/CMP/s_enable_next_step<20>)
     LUT6:I1->O            3   0.097   0.693  ALU_NBIT/CMPL/CMP/s_en_opa<16>11 (ALU_NBIT/CMPL/CMP/s_en_opa<16>1)
     LUT5:I0->O            5   0.097   0.702  ALU_NBIT/CMPL/CMP/s_enable_next_step<16>1 (ALU_NBIT/CMPL/CMP/s_enable_next_step<16>)
     LUT6:I1->O            5   0.097   0.712  ALU_NBIT/CMPL/CMP/s_en_opa<12>11 (ALU_NBIT/CMPL/CMP/s_en_opa<12>1)
     LUT6:I0->O            3   0.097   0.693  ALU_NBIT/CMPL/CMP/s_en_opa<8>11 (ALU_NBIT/CMPL/CMP/s_en_opa<8>1)
     LUT5:I0->O            5   0.097   0.702  ALU_NBIT/CMPL/CMP/s_enable_next_step<8>1 (ALU_NBIT/CMPL/CMP/s_enable_next_step<8>)
     LUT6:I1->O            3   0.097   0.693  ALU_NBIT/CMPL/CMP/s_en_opa<4>11 (ALU_NBIT/CMPL/CMP/s_en_opa<4>1)
     LUT5:I0->O            6   0.097   0.534  ALU_NBIT/CMPL/CMP/s_enable_next_step<4>1 (ALU_NBIT/CMPL/CMP/s_enable_next_step<4>)
     LUT5:I2->O            2   0.097   0.561  ALU_NBIT/CMPL/CMP/Mxor_s_neq_eq<2>_xo<0>2 (ALU_NBIT/CMPL/CMP/s_neq_eq<2>)
     LUT6:I2->O            1   0.097   0.379  ALU_NBIT/CMPL/CMP/OR_gt/matrix<0><5><0>23 (ALU_NBIT/CMPL/CMP/OR_gt/matrix<0><5><0>23)
     LUT5:I3->O            2   0.097   0.697  ALU_NBIT/CMPL/CMP/OR_gt/matrix<0><5><0>24 (ALU_NBIT/CMPL/CMP/s_tmp_gt)
     LUT6:I0->O            2   0.097   0.561  ALU_NBIT/CMPL/CMP/MUX_gt/Mmux_portY11 (ALU_NBIT/CMPL/s_A_gt_B)
     LUT6:I2->O            1   0.097   0.511  ALU_NBIT/MUX3/Mmux_portY212 (ALU_NBIT/MUX3/Mmux_portY22)
     LUT6:I3->O            3   0.097   0.305  ALU_NBIT/MUX3/Mmux_portY215 (s_outalu_Falu_Treg<0>)
     LUT2:I1->O            1   0.097   0.000  ALU_NBIT/FG/NOR32X1/Y7 (s_flags_Falu_statusreg<0>)
     FDCE:D                    0.008          PSW/data_out_0
    ----------------------------------------
    Total                     17.850ns (2.616ns logic, 15.234ns route)
                                       (14.7% logic, 85.3% route)

=========================================================================
Timing constraint: Default OFFSET OUT AFTER for Clock 'EX_clk'
  Total number of paths / destination ports: 37 / 37
-------------------------------------------------------------------------
Offset:              1.033ns (Levels of Logic = 2)
  Source:            ALU_reg/data_out_31 (FF)
  Destination:       EX_data_out<31> (PAD)
  Source Clock:      EX_clk rising

  Data Path: ALU_reg/data_out_31 to EX_data_out<31>
                                Gate     Net
    Cell:in->out      fanout   Delay   Delay  Logical Name (Net Name)
    ----------------------------------------  ------------
     FDCE:C->Q             1   0.361   0.295  ALU_reg/data_out_31 (ALU_reg/data_out_31)
     LUT3:I2->O            1   0.097   0.279  MUX3/Mmux_portY251 (EX_data_out_31_OBUF)
     OBUF:I->O                 0.000          EX_data_out_31_OBUF (EX_data_out<31>)
    ----------------------------------------
    Total                      1.033ns (0.458ns logic, 0.575ns route)
                                       (44.4% logic, 55.6% route)

=========================================================================
Timing constraint: Default path analysis
  Total number of paths / destination ports: 64 / 32
-------------------------------------------------------------------------
Delay:               0.995ns (Levels of Logic = 3)
  Source:            EX_sel_mux_out<1> (PAD)
  Destination:       EX_data_out<31> (PAD)

  Data Path: EX_sel_mux_out<1> to EX_data_out<31>
                                Gate     Net
    Cell:in->out      fanout   Delay   Delay  Logical Name (Net Name)
    ----------------------------------------  ------------
     IBUF:I->O            32   0.001   0.618  EX_sel_mux_out_1_IBUF (EX_sel_mux_out_1_IBUF)
     LUT3:I0->O            1   0.097   0.279  MUX3/Mmux_portY321 (EX_data_out_9_OBUF)
     OBUF:I->O                 0.000          EX_data_out_9_OBUF (EX_data_out<9>)
    ----------------------------------------
    Total                      0.995ns (0.098ns logic, 0.897ns route)
                                       (9.8% logic, 90.2% route)

=========================================================================

Cross Clock Domains Report:
--------------------------

=========================================================================


Total REAL time to Xst completion: 10.00 secs
Total CPU time to Xst completion: 9.56 secs
 
--> 

Total memory usage is 327648 kilobytes

Number of errors   :    0 (   0 filtered)
Number of warnings :   20 (   0 filtered)
Number of infos    :    4 (   0 filtered)

