Release 14.7 - xst P.20131013 (nt)
Copyright (c) 1995-2013 Xilinx, Inc.  All rights reserved.
--> Parameter TMPDIR set to xst/projnav.tmp


Total REAL time to Xst completion: 0.00 secs
Total CPU time to Xst completion: 0.20 secs
 
--> Parameter xsthdpdir set to xst


Total REAL time to Xst completion: 0.00 secs
Total CPU time to Xst completion: 0.20 secs
 
--> Reading design: NShiftRegisterSISO.prj

TABLE OF CONTENTS
  1) Synthesis Options Summary
  2) HDL Parsing
  3) HDL Elaboration
  4) HDL Synthesis
       4.1) HDL Synthesis Report
  5) Advanced HDL Synthesis
       5.1) Advanced HDL Synthesis Report
  6) Low Level Synthesis
  7) Partition Report
  8) Design Summary
       8.1) Primitive and Black Box Usage
       8.2) Device utilization summary
       8.3) Partition Resource Summary
       8.4) Timing Report
            8.4.1) Clock Information
            8.4.2) Asynchronous Control Signals Information
            8.4.3) Timing Summary
            8.4.4) Timing Details
            8.4.5) Cross Clock Domains Report


=========================================================================
*                      Synthesis Options Summary                        *
=========================================================================
---- Source Parameters
Input File Name                    : "NShiftRegisterSISO.prj"
Ignore Synthesis Constraint File   : NO

---- Target Parameters
Output File Name                   : "NShiftRegisterSISO"
Output Format                      : NGC
Target Device                      : xc7a100t-3-csg324

---- Source Options
Top Module Name                    : NShiftRegisterSISO
Automatic FSM Extraction           : YES
FSM Encoding Algorithm             : Auto
Safe Implementation                : No
FSM Style                          : LUT
RAM Extraction                     : Yes
RAM Style                          : Auto
ROM Extraction                     : Yes
Shift Register Extraction          : YES
ROM Style                          : Auto
Resource Sharing                   : YES
Asynchronous To Synchronous        : NO
Shift Register Minimum Size        : 2
Use DSP Block                      : Auto
Automatic Register Balancing       : No

---- Target Options
LUT Combining                      : Auto
Reduce Control Sets                : Auto
Add IO Buffers                     : YES
Global Maximum Fanout              : 100000
Add Generic Clock Buffer(BUFG)     : 32
Register Duplication               : YES
Optimize Instantiated Primitives   : NO
Use Clock Enable                   : Auto
Use Synchronous Set                : Auto
Use Synchronous Reset              : Auto
Pack IO Registers into IOBs        : Auto
Equivalent register Removal        : YES

---- General Options
Optimization Goal                  : Speed
Optimization Effort                : 1
Power Reduction                    : NO
Keep Hierarchy                     : No
Netlist Hierarchy                  : As_Optimized
RTL Output                         : Yes
Global Optimization                : AllClockNets
Read Cores                         : YES
Write Timing Constraints           : NO
Cross Clock Analysis               : NO
Hierarchy Separator                : /
Bus Delimiter                      : <>
Case Specifier                     : Maintain
Slice Utilization Ratio            : 100
BRAM Utilization Ratio             : 100
DSP48 Utilization Ratio            : 100
Auto BRAM Packing                  : NO
Slice Utilization Ratio Delta      : 5

=========================================================================


=========================================================================
*                          HDL Parsing                                  *
=========================================================================
Parsing VHDL file "C:\Users\UTENTE\Desktop\Politecnico di Torino\Laurea Magistrale\I Anno\Microelectronic Systems\DLX\MyDLX\BTB\BranchTargetBuffer\Mux_Bit.vhd" into library work
Parsing entity <Mux_Bit>.
Parsing architecture <Behavioral> of entity <mux_bit>.
Parsing VHDL file "C:\Users\UTENTE\Desktop\Politecnico di Torino\Laurea Magistrale\I Anno\Microelectronic Systems\DLX\MyDLX\BTB\BranchTargetBuffer\D_FF_rst.vhd" into library work
Parsing entity <D_FF_rst>.
Parsing architecture <Behavioral> of entity <d_ff_rst>.
Parsing VHDL file "C:\Users\UTENTE\Desktop\Politecnico di Torino\Laurea Magistrale\I Anno\Microelectronic Systems\DLX\MyDLX\BTB\BranchTargetBuffer\NShiftRegisterSISO.vhd" into library work
Parsing entity <NShiftRegisterSISO>.
Parsing architecture <Structural> of entity <nshiftregistersiso>.

=========================================================================
*                            HDL Elaboration                            *
=========================================================================

Elaborating entity <NShiftRegisterSISO> (architecture <Structural>) with generics from library <work>.

Elaborating entity <D_FF_rst> (architecture <Behavioral>) from library <work>.

Elaborating entity <Mux_Bit> (architecture <Behavioral>) with generics from library <work>.

=========================================================================
*                           HDL Synthesis                               *
=========================================================================

Synthesizing Unit <NShiftRegisterSISO>.
    Related source file is "C:\Users\UTENTE\Desktop\Politecnico di Torino\Laurea Magistrale\I Anno\Microelectronic Systems\DLX\MyDLX\BTB\BranchTargetBuffer\NShiftRegisterSISO.vhd".
        N = 2
INFO:Xst:3210 - "C:\Users\UTENTE\Desktop\Politecnico di Torino\Laurea Magistrale\I Anno\Microelectronic Systems\DLX\MyDLX\BTB\BranchTargetBuffer\NShiftRegisterSISO.vhd" line 94: Output port <Not_Q> of the instance <GEN_FF[0].D_FF_I> is unconnected or connected to loadless signal.
INFO:Xst:3210 - "C:\Users\UTENTE\Desktop\Politecnico di Torino\Laurea Magistrale\I Anno\Microelectronic Systems\DLX\MyDLX\BTB\BranchTargetBuffer\NShiftRegisterSISO.vhd" line 94: Output port <Not_Q> of the instance <GEN_FF[1].D_FF_I> is unconnected or connected to loadless signal.
    Summary:
	no macro.
Unit <NShiftRegisterSISO> synthesized.

Synthesizing Unit <D_FF_rst>.
    Related source file is "C:\Users\UTENTE\Desktop\Politecnico di Torino\Laurea Magistrale\I Anno\Microelectronic Systems\DLX\MyDLX\BTB\BranchTargetBuffer\D_FF_rst.vhd".
    Found 1-bit register for signal <Not_Q>.
    Found 1-bit register for signal <Q>.
    Summary:
	inferred   2 D-type flip-flop(s).
Unit <D_FF_rst> synthesized.

Synthesizing Unit <Mux_Bit>.
    Related source file is "C:\Users\UTENTE\Desktop\Politecnico di Torino\Laurea Magistrale\I Anno\Microelectronic Systems\DLX\MyDLX\BTB\BranchTargetBuffer\Mux_Bit.vhd".
        NBIT_Sel = 2
    Found 1-bit 4-to-1 multiplexer for signal <output> created at line 46.
    Summary:
	inferred   1 Multiplexer(s).
Unit <Mux_Bit> synthesized.

=========================================================================
HDL Synthesis Report

Macro Statistics
# Registers                                            : 4
 1-bit register                                        : 4
# Multiplexers                                         : 2
 1-bit 4-to-1 multiplexer                              : 2

=========================================================================

=========================================================================
*                       Advanced HDL Synthesis                          *
=========================================================================


=========================================================================
Advanced HDL Synthesis Report

Macro Statistics
# Registers                                            : 4
 Flip-Flops                                            : 4
# Multiplexers                                         : 2
 1-bit 4-to-1 multiplexer                              : 2

=========================================================================

=========================================================================
*                         Low Level Synthesis                           *
=========================================================================
WARNING:Xst:2677 - Node <GEN_FF[1].D_FF_I/Not_Q> of sequential type is unconnected in block <NShiftRegisterSISO>.
WARNING:Xst:2677 - Node <GEN_FF[0].D_FF_I/Not_Q> of sequential type is unconnected in block <NShiftRegisterSISO>.

Optimizing unit <NShiftRegisterSISO> ...

Mapping all equations...
Building and optimizing final netlist ...
Found area constraint ratio of 100 (+ 5) on block NShiftRegisterSISO, actual ratio is 0.

Final Macro Processing ...

=========================================================================
Final Register Report

Macro Statistics
# Registers                                            : 2
 Flip-Flops                                            : 2

=========================================================================

=========================================================================
*                           Partition Report                            *
=========================================================================

Partition Implementation Status
-------------------------------

  No Partitions were found in this design.

-------------------------------

=========================================================================
*                            Design Summary                             *
=========================================================================

Top Level Output File Name         : NShiftRegisterSISO.ngc

Primitive and Black Box Usage:
------------------------------
# BELS                             : 2
#      LUT5                        : 1
#      LUT6                        : 1
# FlipFlops/Latches                : 2
#      FDC                         : 2
# Clock Buffers                    : 1
#      BUFGP                       : 1
# IO Buffers                       : 6
#      IBUF                        : 5
#      OBUF                        : 1

Device utilization summary:
---------------------------

Selected Device : 7a100tcsg324-3 


Slice Logic Utilization: 
 Number of Slice Registers:               2  out of  126800     0%  
 Number of Slice LUTs:                    2  out of  63400     0%  
    Number used as Logic:                 2  out of  63400     0%  

Slice Logic Distribution: 
 Number of LUT Flip Flop pairs used:      4
   Number with an unused Flip Flop:       2  out of      4    50%  
   Number with an unused LUT:             2  out of      4    50%  
   Number of fully used LUT-FF pairs:     0  out of      4     0%  
   Number of unique control sets:         1

IO Utilization: 
 Number of IOs:                           7
 Number of bonded IOBs:                   7  out of    210     3%  

Specific Feature Utilization:
 Number of BUFG/BUFGCTRLs:                1  out of     32     3%  

---------------------------
Partition Resource Summary:
---------------------------

  No Partitions were found in this design.

---------------------------


=========================================================================
Timing Report

NOTE: THESE TIMING NUMBERS ARE ONLY A SYNTHESIS ESTIMATE.
      FOR ACCURATE TIMING INFORMATION PLEASE REFER TO THE TRACE REPORT
      GENERATED AFTER PLACE-and-ROUTE.

Clock Information:
------------------
-----------------------------------+------------------------+-------+
Clock Signal                       | Clock buffer(FF name)  | Load  |
-----------------------------------+------------------------+-------+
clk                                | BUFGP                  | 2     |
-----------------------------------+------------------------+-------+

Asynchronous Control Signals Information:
----------------------------------------
No asynchronous control signals found in this design

Timing Summary:
---------------
Speed Grade: -3

   Minimum period: 0.850ns (Maximum Frequency: 1177.163MHz)
   Minimum input arrival time before clock: 0.803ns
   Maximum output required time after clock: 0.645ns
   Maximum combinational path delay: No path found

Timing Details:
---------------
All values displayed in nanoseconds (ns)

=========================================================================
Timing constraint: Default period analysis for Clock 'clk'
  Clock period: 0.850ns (frequency: 1177.163MHz)
  Total number of paths / destination ports: 3 / 2
-------------------------------------------------------------------------
Delay:               0.850ns (Levels of Logic = 1)
  Source:            GEN_FF[1].D_FF_I/Q (FF)
  Destination:       GEN_FF[1].D_FF_I/Q (FF)
  Source Clock:      clk rising
  Destination Clock: clk rising

  Data Path: GEN_FF[1].D_FF_I/Q to GEN_FF[1].D_FF_I/Q
                                Gate     Net
    Cell:in->out      fanout   Delay   Delay  Logical Name (Net Name)
    ----------------------------------------  ------------
     FDC:C->Q              2   0.361   0.383  GEN_FF[1].D_FF_I/Q (GEN_FF[1].D_FF_I/Q)
     LUT6:I4->O            1   0.097   0.000  GEN_MUX[1].IFi.MUXi/Mmux_output11 (s_input_FF<1>)
     FDC:D                     0.008          GEN_FF[1].D_FF_I/Q
    ----------------------------------------
    Total                      0.850ns (0.466ns logic, 0.383ns route)
                                       (54.9% logic, 45.1% route)

=========================================================================
Timing constraint: Default OFFSET IN BEFORE for Clock 'clk'
  Total number of paths / destination ports: 10 / 4
-------------------------------------------------------------------------
Offset:              0.803ns (Levels of Logic = 2)
  Source:            bit_in (PAD)
  Destination:       GEN_FF[1].D_FF_I/Q (FF)
  Destination Clock: clk rising

  Data Path: bit_in to GEN_FF[1].D_FF_I/Q
                                Gate     Net
    Cell:in->out      fanout   Delay   Delay  Logical Name (Net Name)
    ----------------------------------------  ------------
     IBUF:I->O             2   0.001   0.697  bit_in_IBUF (bit_in_IBUF)
     LUT6:I0->O            1   0.097   0.000  GEN_MUX[1].IFi.MUXi/Mmux_output11 (s_input_FF<1>)
     FDC:D                     0.008          GEN_FF[1].D_FF_I/Q
    ----------------------------------------
    Total                      0.803ns (0.106ns logic, 0.697ns route)
                                       (13.2% logic, 86.8% route)

=========================================================================
Timing constraint: Default OFFSET OUT AFTER for Clock 'clk'
  Total number of paths / destination ports: 1 / 1
-------------------------------------------------------------------------
Offset:              0.645ns (Levels of Logic = 1)
  Source:            GEN_FF[1].D_FF_I/Q (FF)
  Destination:       bit_out (PAD)
  Source Clock:      clk rising

  Data Path: GEN_FF[1].D_FF_I/Q to bit_out
                                Gate     Net
    Cell:in->out      fanout   Delay   Delay  Logical Name (Net Name)
    ----------------------------------------  ------------
     FDC:C->Q              2   0.361   0.283  GEN_FF[1].D_FF_I/Q (GEN_FF[1].D_FF_I/Q)
     OBUF:I->O                 0.000          bit_out_OBUF (bit_out)
    ----------------------------------------
    Total                      0.645ns (0.361ns logic, 0.283ns route)
                                       (56.0% logic, 44.0% route)

=========================================================================

Cross Clock Domains Report:
--------------------------

Clock to Setup on destination clock clk
---------------+---------+---------+---------+---------+
               | Src:Rise| Src:Fall| Src:Rise| Src:Fall|
Source Clock   |Dest:Rise|Dest:Rise|Dest:Fall|Dest:Fall|
---------------+---------+---------+---------+---------+
clk            |    0.850|         |         |         |
---------------+---------+---------+---------+---------+

=========================================================================


Total REAL time to Xst completion: 9.00 secs
Total CPU time to Xst completion: 9.60 secs
 
--> 

Total memory usage is 370888 kilobytes

Number of errors   :    0 (   0 filtered)
Number of warnings :    2 (   0 filtered)
Number of infos    :    2 (   0 filtered)

